Script exec_mask_gfc_2022_v1.sh started at Mon Nov 24 01:47:10 PM CET 2025
GFC tiles masked
./exec_mask_gfc_2022_v1.sh: line 35: rename_lossyear_tiles_2022_v1.sh: command not found
GFC tiles renamed
0...10...20...30...40...50...60...70...80...90...100 - done.
GFC virtual catalogs built
Driver: VRT/Virtual Raster
Files: /spatial_data/Derived_Datasets/RASTER/GFC/2022_V1.10/lossyear_over30_ll.vrt
       /spatial_data/Derived_Datasets/RASTER/GFC/2022_V1.10/lossyear_over30_ll/Hansen_GFC-2022-v1.10_lossyear_00N_000E.tif
       /spatial_data/Derived_Datasets/RASTER/GFC/2022_V1.10/lossyear_over30_ll/Hansen_GFC-2022-v1.10_lossyear_00N_010E.tif
       /spatial_data/Derived_Datasets/RASTER/GFC/2022_V1.10/lossyear_over30_ll/Hansen_GFC-2022-v1.10_lossyear_00N_010W.tif
       /spatial_data/Derived_Datasets/RASTER/GFC/2022_V1.10/lossyear_over30_ll/Hansen_GFC-2022-v1.10_lossyear_00N_020E.tif
       /spatial_data/Derived_Datasets/RASTER/GFC/2022_V1.10/lossyear_over30_ll/Hansen_GFC-2022-v1.10_lossyear_00N_020W.tif
       /spatial_data/Derived_Datasets/RASTER/GFC/2022_V1.10/lossyear_over30_ll/Hansen_GFC-2022-v1.10_lossyear_00N_030E.tif
       /spatial_data/Derived_Datasets/RASTER/GFC/2022_V1.10/lossyear_over30_ll/Hansen_GFC-2022-v1.10_lossyear_00N_030W.tif
       /spatial_data/Derived_Datasets/RASTER/GFC/2022_V1.10/lossyear_over30_ll/Hansen_GFC-2022-v1.10_lossyear_00N_040E.tif
       /spatial_data/Derived_Datasets/RASTER/GFC/2022_V1.10/lossyear_over30_ll/Hansen_GFC-2022-v1.10_lossyear_00N_040W.tif
       /spatial_data/Derived_Datasets/RASTER/GFC/2022_V1.10/lossyear_over30_ll/Hansen_GFC-2022-v1.10_lossyear_00N_050E.tif
       /spatial_data/Derived_Datasets/RASTER/GFC/2022_V1.10/lossyear_over30_ll/Hansen_GFC-2022-v1.10_lossyear_00N_050W.tif
       /spatial_data/Derived_Datasets/RASTER/GFC/2022_V1.10/lossyear_over30_ll/Hansen_GFC-2022-v1.10_lossyear_00N_060E.tif
       /spatial_data/Derived_Datasets/RASTER/GFC/2022_V1.10/lossyear_over30_ll/Hansen_GFC-2022-v1.10_lossyear_00N_060W.tif
       /spatial_data/Derived_Datasets/RASTER/GFC/2022_V1.10/lossyear_over30_ll/Hansen_GFC-2022-v1.10_lossyear_00N_070E.tif
       /spatial_data/Derived_Datasets/RASTER/GFC/2022_V1.10/lossyear_over30_ll/Hansen_GFC-2022-v1.10_lossyear_00N_070W.tif
       /spatial_data/Derived_Datasets/RASTER/GFC/2022_V1.10/lossyear_over30_ll/Hansen_GFC-2022-v1.10_lossyear_00N_080E.tif
       /spatial_data/Derived_Datasets/RASTER/GFC/2022_V1.10/lossyear_over30_ll/Hansen_GFC-2022-v1.10_lossyear_00N_080W.tif
       /spatial_data/Derived_Datasets/RASTER/GFC/2022_V1.10/lossyear_over30_ll/Hansen_GFC-2022-v1.10_lossyear_00N_090E.tif
       /spatial_data/Derived_Datasets/RASTER/GFC/2022_V1.10/lossyear_over30_ll/Hansen_GFC-2022-v1.10_lossyear_00N_090W.tif
       /spatial_data/Derived_Datasets/RASTER/GFC/2022_V1.10/lossyear_over30_ll/Hansen_GFC-2022-v1.10_lossyear_00N_100E.tif
       /spatial_data/Derived_Datasets/RASTER/GFC/2022_V1.10/lossyear_over30_ll/Hansen_GFC-2022-v1.10_lossyear_00N_100W.tif
       /spatial_data/Derived_Datasets/RASTER/GFC/2022_V1.10/lossyear_over30_ll/Hansen_GFC-2022-v1.10_lossyear_00N_110E.tif
       /spatial_data/Derived_Datasets/RASTER/GFC/2022_V1.10/lossyear_over30_ll/Hansen_GFC-2022-v1.10_lossyear_00N_110W.tif
       /spatial_data/Derived_Datasets/RASTER/GFC/2022_V1.10/lossyear_over30_ll/Hansen_GFC-2022-v1.10_lossyear_00N_120E.tif
       /spatial_data/Derived_Datasets/RASTER/GFC/2022_V1.10/lossyear_over30_ll/Hansen_GFC-2022-v1.10_lossyear_00N_120W.tif
       /spatial_data/Derived_Datasets/RASTER/GFC/2022_V1.10/lossyear_over30_ll/Hansen_GFC-2022-v1.10_lossyear_00N_130E.tif
       /spatial_data/Derived_Datasets/RASTER/GFC/2022_V1.10/lossyear_over30_ll/Hansen_GFC-2022-v1.10_lossyear_00N_130W.tif
       /spatial_data/Derived_Datasets/RASTER/GFC/2022_V1.10/lossyear_over30_ll/Hansen_GFC-2022-v1.10_lossyear_00N_140E.tif
       /spatial_data/Derived_Datasets/RASTER/GFC/2022_V1.10/lossyear_over30_ll/Hansen_GFC-2022-v1.10_lossyear_00N_140W.tif
       /spatial_data/Derived_Datasets/RASTER/GFC/2022_V1.10/lossyear_over30_ll/Hansen_GFC-2022-v1.10_lossyear_00N_150E.tif
       /spatial_data/Derived_Datasets/RASTER/GFC/2022_V1.10/lossyear_over30_ll/Hansen_GFC-2022-v1.10_lossyear_00N_150W.tif
       /spatial_data/Derived_Datasets/RASTER/GFC/2022_V1.10/lossyear_over30_ll/Hansen_GFC-2022-v1.10_lossyear_00N_160E.tif
       /spatial_data/Derived_Datasets/RASTER/GFC/2022_V1.10/lossyear_over30_ll/Hansen_GFC-2022-v1.10_lossyear_00N_160W.tif
       /spatial_data/Derived_Datasets/RASTER/GFC/2022_V1.10/lossyear_over30_ll/Hansen_GFC-2022-v1.10_lossyear_00N_170E.tif
       /spatial_data/Derived_Datasets/RASTER/GFC/2022_V1.10/lossyear_over30_ll/Hansen_GFC-2022-v1.10_lossyear_00N_170W.tif
       /spatial_data/Derived_Datasets/RASTER/GFC/2022_V1.10/lossyear_over30_ll/Hansen_GFC-2022-v1.10_lossyear_00N_180W.tif
       /spatial_data/Derived_Datasets/RASTER/GFC/2022_V1.10/lossyear_over30_ll/Hansen_GFC-2022-v1.10_lossyear_10N_000E.tif
       /spatial_data/Derived_Datasets/RASTER/GFC/2022_V1.10/lossyear_over30_ll/Hansen_GFC-2022-v1.10_lossyear_10N_010E.tif
       /spatial_data/Derived_Datasets/RASTER/GFC/2022_V1.10/lossyear_over30_ll/Hansen_GFC-2022-v1.10_lossyear_10N_010W.tif
       /spatial_data/Derived_Datasets/RASTER/GFC/2022_V1.10/lossyear_over30_ll/Hansen_GFC-2022-v1.10_lossyear_10N_020E.tif
       /spatial_data/Derived_Datasets/RASTER/GFC/2022_V1.10/lossyear_over30_ll/Hansen_GFC-2022-v1.10_lossyear_10N_020W.tif
       /spatial_data/Derived_Datasets/RASTER/GFC/2022_V1.10/lossyear_over30_ll/Hansen_GFC-2022-v1.10_lossyear_10N_030E.tif
       /spatial_data/Derived_Datasets/RASTER/GFC/2022_V1.10/lossyear_over30_ll/Hansen_GFC-2022-v1.10_lossyear_10N_030W.tif
       /spatial_data/Derived_Datasets/RASTER/GFC/2022_V1.10/lossyear_over30_ll/Hansen_GFC-2022-v1.10_lossyear_10N_040E.tif
       /spatial_data/Derived_Datasets/RASTER/GFC/2022_V1.10/lossyear_over30_ll/Hansen_GFC-2022-v1.10_lossyear_10N_040W.tif
       /spatial_data/Derived_Datasets/RASTER/GFC/2022_V1.10/lossyear_over30_ll/Hansen_GFC-2022-v1.10_lossyear_10N_050E.tif
       /spatial_data/Derived_Datasets/RASTER/GFC/2022_V1.10/lossyear_over30_ll/Hansen_GFC-2022-v1.10_lossyear_10N_050W.tif
       /spatial_data/Derived_Datasets/RASTER/GFC/2022_V1.10/lossyear_over30_ll/Hansen_GFC-2022-v1.10_lossyear_10N_060E.tif
       /spatial_data/Derived_Datasets/RASTER/GFC/2022_V1.10/lossyear_over30_ll/Hansen_GFC-2022-v1.10_lossyear_10N_060W.tif
       /spatial_data/Derived_Datasets/RASTER/GFC/2022_V1.10/lossyear_over30_ll/Hansen_GFC-2022-v1.10_lossyear_10N_070E.tif
       /spatial_data/Derived_Datasets/RASTER/GFC/2022_V1.10/lossyear_over30_ll/Hansen_GFC-2022-v1.10_lossyear_10N_070W.tif
       /spatial_data/Derived_Datasets/RASTER/GFC/2022_V1.10/lossyear_over30_ll/Hansen_GFC-2022-v1.10_lossyear_10N_080E.tif
       /spatial_data/Derived_Datasets/RASTER/GFC/2022_V1.10/lossyear_over30_ll/Hansen_GFC-2022-v1.10_lossyear_10N_080W.tif
       /spatial_data/Derived_Datasets/RASTER/GFC/2022_V1.10/lossyear_over30_ll/Hansen_GFC-2022-v1.10_lossyear_10N_090E.tif
       /spatial_data/Derived_Datasets/RASTER/GFC/2022_V1.10/lossyear_over30_ll/Hansen_GFC-2022-v1.10_lossyear_10N_090W.tif
       /spatial_data/Derived_Datasets/RASTER/GFC/2022_V1.10/lossyear_over30_ll/Hansen_GFC-2022-v1.10_lossyear_10N_100E.tif
       /spatial_data/Derived_Datasets/RASTER/GFC/2022_V1.10/lossyear_over30_ll/Hansen_GFC-2022-v1.10_lossyear_10N_100W.tif
       /spatial_data/Derived_Datasets/RASTER/GFC/2022_V1.10/lossyear_over30_ll/Hansen_GFC-2022-v1.10_lossyear_10N_110E.tif
       /spatial_data/Derived_Datasets/RASTER/GFC/2022_V1.10/lossyear_over30_ll/Hansen_GFC-2022-v1.10_lossyear_10N_110W.tif
       /spatial_data/Derived_Datasets/RASTER/GFC/2022_V1.10/lossyear_over30_ll/Hansen_GFC-2022-v1.10_lossyear_10N_120E.tif
       /spatial_data/Derived_Datasets/RASTER/GFC/2022_V1.10/lossyear_over30_ll/Hansen_GFC-2022-v1.10_lossyear_10N_120W.tif
       /spatial_data/Derived_Datasets/RASTER/GFC/2022_V1.10/lossyear_over30_ll/Hansen_GFC-2022-v1.10_lossyear_10N_130E.tif
       /spatial_data/Derived_Datasets/RASTER/GFC/2022_V1.10/lossyear_over30_ll/Hansen_GFC-2022-v1.10_lossyear_10N_130W.tif
       /spatial_data/Derived_Datasets/RASTER/GFC/2022_V1.10/lossyear_over30_ll/Hansen_GFC-2022-v1.10_lossyear_10N_140E.tif
       /spatial_data/Derived_Datasets/RASTER/GFC/2022_V1.10/lossyear_over30_ll/Hansen_GFC-2022-v1.10_lossyear_10N_140W.tif
       /spatial_data/Derived_Datasets/RASTER/GFC/2022_V1.10/lossyear_over30_ll/Hansen_GFC-2022-v1.10_lossyear_10N_150E.tif
       /spatial_data/Derived_Datasets/RASTER/GFC/2022_V1.10/lossyear_over30_ll/Hansen_GFC-2022-v1.10_lossyear_10N_150W.tif
       /spatial_data/Derived_Datasets/RASTER/GFC/2022_V1.10/lossyear_over30_ll/Hansen_GFC-2022-v1.10_lossyear_10N_160E.tif
       /spatial_data/Derived_Datasets/RASTER/GFC/2022_V1.10/lossyear_over30_ll/Hansen_GFC-2022-v1.10_lossyear_10N_160W.tif
       /spatial_data/Derived_Datasets/RASTER/GFC/2022_V1.10/lossyear_over30_ll/Hansen_GFC-2022-v1.10_lossyear_10N_170E.tif
       /spatial_data/Derived_Datasets/RASTER/GFC/2022_V1.10/lossyear_over30_ll/Hansen_GFC-2022-v1.10_lossyear_10N_170W.tif
       /spatial_data/Derived_Datasets/RASTER/GFC/2022_V1.10/lossyear_over30_ll/Hansen_GFC-2022-v1.10_lossyear_10N_180W.tif
       /spatial_data/Derived_Datasets/RASTER/GFC/2022_V1.10/lossyear_over30_ll/Hansen_GFC-2022-v1.10_lossyear_10S_000E.tif
       /spatial_data/Derived_Datasets/RASTER/GFC/2022_V1.10/lossyear_over30_ll/Hansen_GFC-2022-v1.10_lossyear_10S_010E.tif
       /spatial_data/Derived_Datasets/RASTER/GFC/2022_V1.10/lossyear_over30_ll/Hansen_GFC-2022-v1.10_lossyear_10S_010W.tif
       /spatial_data/Derived_Datasets/RASTER/GFC/2022_V1.10/lossyear_over30_ll/Hansen_GFC-2022-v1.10_lossyear_10S_020E.tif
       /spatial_data/Derived_Datasets/RASTER/GFC/2022_V1.10/lossyear_over30_ll/Hansen_GFC-2022-v1.10_lossyear_10S_020W.tif
       /spatial_data/Derived_Datasets/RASTER/GFC/2022_V1.10/lossyear_over30_ll/Hansen_GFC-2022-v1.10_lossyear_10S_030E.tif
       /spatial_data/Derived_Datasets/RASTER/GFC/2022_V1.10/lossyear_over30_ll/Hansen_GFC-2022-v1.10_lossyear_10S_030W.tif
       /spatial_data/Derived_Datasets/RASTER/GFC/2022_V1.10/lossyear_over30_ll/Hansen_GFC-2022-v1.10_lossyear_10S_040E.tif
       /spatial_data/Derived_Datasets/RASTER/GFC/2022_V1.10/lossyear_over30_ll/Hansen_GFC-2022-v1.10_lossyear_10S_040W.tif
       /spatial_data/Derived_Datasets/RASTER/GFC/2022_V1.10/lossyear_over30_ll/Hansen_GFC-2022-v1.10_lossyear_10S_050E.tif
       /spatial_data/Derived_Datasets/RASTER/GFC/2022_V1.10/lossyear_over30_ll/Hansen_GFC-2022-v1.10_lossyear_10S_050W.tif
       /spatial_data/Derived_Datasets/RASTER/GFC/2022_V1.10/lossyear_over30_ll/Hansen_GFC-2022-v1.10_lossyear_10S_060E.tif
       /spatial_data/Derived_Datasets/RASTER/GFC/2022_V1.10/lossyear_over30_ll/Hansen_GFC-2022-v1.10_lossyear_10S_060W.tif
       /spatial_data/Derived_Datasets/RASTER/GFC/2022_V1.10/lossyear_over30_ll/Hansen_GFC-2022-v1.10_lossyear_10S_070E.tif
       /spatial_data/Derived_Datasets/RASTER/GFC/2022_V1.10/lossyear_over30_ll/Hansen_GFC-2022-v1.10_lossyear_10S_070W.tif
       /spatial_data/Derived_Datasets/RASTER/GFC/2022_V1.10/lossyear_over30_ll/Hansen_GFC-2022-v1.10_lossyear_10S_080E.tif
       /spatial_data/Derived_Datasets/RASTER/GFC/2022_V1.10/lossyear_over30_ll/Hansen_GFC-2022-v1.10_lossyear_10S_080W.tif
       /spatial_data/Derived_Datasets/RASTER/GFC/2022_V1.10/lossyear_over30_ll/Hansen_GFC-2022-v1.10_lossyear_10S_090E.tif
       /spatial_data/Derived_Datasets/RASTER/GFC/2022_V1.10/lossyear_over30_ll/Hansen_GFC-2022-v1.10_lossyear_10S_090W.tif
       /spatial_data/Derived_Datasets/RASTER/GFC/2022_V1.10/lossyear_over30_ll/Hansen_GFC-2022-v1.10_lossyear_10S_100E.tif
       /spatial_data/Derived_Datasets/RASTER/GFC/2022_V1.10/lossyear_over30_ll/Hansen_GFC-2022-v1.10_lossyear_10S_100W.tif
       /spatial_data/Derived_Datasets/RASTER/GFC/2022_V1.10/lossyear_over30_ll/Hansen_GFC-2022-v1.10_lossyear_10S_110E.tif
       /spatial_data/Derived_Datasets/RASTER/GFC/2022_V1.10/lossyear_over30_ll/Hansen_GFC-2022-v1.10_lossyear_10S_110W.tif
       /spatial_data/Derived_Datasets/RASTER/GFC/2022_V1.10/lossyear_over30_ll/Hansen_GFC-2022-v1.10_lossyear_10S_120E.tif
       /spatial_data/Derived_Datasets/RASTER/GFC/2022_V1.10/lossyear_over30_ll/Hansen_GFC-2022-v1.10_lossyear_10S_120W.tif
       /spatial_data/Derived_Datasets/RASTER/GFC/2022_V1.10/lossyear_over30_ll/Hansen_GFC-2022-v1.10_lossyear_10S_130E.tif
       /spatial_data/Derived_Datasets/RASTER/GFC/2022_V1.10/lossyear_over30_ll/Hansen_GFC-2022-v1.10_lossyear_10S_130W.tif
       /spatial_data/Derived_Datasets/RASTER/GFC/2022_V1.10/lossyear_over30_ll/Hansen_GFC-2022-v1.10_lossyear_10S_140E.tif
       /spatial_data/Derived_Datasets/RASTER/GFC/2022_V1.10/lossyear_over30_ll/Hansen_GFC-2022-v1.10_lossyear_10S_140W.tif
       /spatial_data/Derived_Datasets/RASTER/GFC/2022_V1.10/lossyear_over30_ll/Hansen_GFC-2022-v1.10_lossyear_10S_150E.tif
       /spatial_data/Derived_Datasets/RASTER/GFC/2022_V1.10/lossyear_over30_ll/Hansen_GFC-2022-v1.10_lossyear_10S_150W.tif
       /spatial_data/Derived_Datasets/RASTER/GFC/2022_V1.10/lossyear_over30_ll/Hansen_GFC-2022-v1.10_lossyear_10S_160E.tif
       /spatial_data/Derived_Datasets/RASTER/GFC/2022_V1.10/lossyear_over30_ll/Hansen_GFC-2022-v1.10_lossyear_10S_160W.tif
       /spatial_data/Derived_Datasets/RASTER/GFC/2022_V1.10/lossyear_over30_ll/Hansen_GFC-2022-v1.10_lossyear_10S_170E.tif
       /spatial_data/Derived_Datasets/RASTER/GFC/2022_V1.10/lossyear_over30_ll/Hansen_GFC-2022-v1.10_lossyear_10S_170W.tif
       /spatial_data/Derived_Datasets/RASTER/GFC/2022_V1.10/lossyear_over30_ll/Hansen_GFC-2022-v1.10_lossyear_10S_180W.tif
       /spatial_data/Derived_Datasets/RASTER/GFC/2022_V1.10/lossyear_over30_ll/Hansen_GFC-2022-v1.10_lossyear_20N_000E.tif
       /spatial_data/Derived_Datasets/RASTER/GFC/2022_V1.10/lossyear_over30_ll/Hansen_GFC-2022-v1.10_lossyear_20N_010E.tif
       /spatial_data/Derived_Datasets/RASTER/GFC/2022_V1.10/lossyear_over30_ll/Hansen_GFC-2022-v1.10_lossyear_20N_010W.tif
       /spatial_data/Derived_Datasets/RASTER/GFC/2022_V1.10/lossyear_over30_ll/Hansen_GFC-2022-v1.10_lossyear_20N_020E.tif
       /spatial_data/Derived_Datasets/RASTER/GFC/2022_V1.10/lossyear_over30_ll/Hansen_GFC-2022-v1.10_lossyear_20N_020W.tif
       /spatial_data/Derived_Datasets/RASTER/GFC/2022_V1.10/lossyear_over30_ll/Hansen_GFC-2022-v1.10_lossyear_20N_030E.tif
       /spatial_data/Derived_Datasets/RASTER/GFC/2022_V1.10/lossyear_over30_ll/Hansen_GFC-2022-v1.10_lossyear_20N_030W.tif
       /spatial_data/Derived_Datasets/RASTER/GFC/2022_V1.10/lossyear_over30_ll/Hansen_GFC-2022-v1.10_lossyear_20N_040E.tif
       /spatial_data/Derived_Datasets/RASTER/GFC/2022_V1.10/lossyear_over30_ll/Hansen_GFC-2022-v1.10_lossyear_20N_040W.tif
       /spatial_data/Derived_Datasets/RASTER/GFC/2022_V1.10/lossyear_over30_ll/Hansen_GFC-2022-v1.10_lossyear_20N_050E.tif
       /spatial_data/Derived_Datasets/RASTER/GFC/2022_V1.10/lossyear_over30_ll/Hansen_GFC-2022-v1.10_lossyear_20N_050W.tif
       /spatial_data/Derived_Datasets/RASTER/GFC/2022_V1.10/lossyear_over30_ll/Hansen_GFC-2022-v1.10_lossyear_20N_060E.tif
       /spatial_data/Derived_Datasets/RASTER/GFC/2022_V1.10/lossyear_over30_ll/Hansen_GFC-2022-v1.10_lossyear_20N_060W.tif
       /spatial_data/Derived_Datasets/RASTER/GFC/2022_V1.10/lossyear_over30_ll/Hansen_GFC-2022-v1.10_lossyear_20N_070E.tif
       /spatial_data/Derived_Datasets/RASTER/GFC/2022_V1.10/lossyear_over30_ll/Hansen_GFC-2022-v1.10_lossyear_20N_070W.tif
       /spatial_data/Derived_Datasets/RASTER/GFC/2022_V1.10/lossyear_over30_ll/Hansen_GFC-2022-v1.10_lossyear_20N_080E.tif
       /spatial_data/Derived_Datasets/RASTER/GFC/2022_V1.10/lossyear_over30_ll/Hansen_GFC-2022-v1.10_lossyear_20N_080W.tif
       /spatial_data/Derived_Datasets/RASTER/GFC/2022_V1.10/lossyear_over30_ll/Hansen_GFC-2022-v1.10_lossyear_20N_090E.tif
       /spatial_data/Derived_Datasets/RASTER/GFC/2022_V1.10/lossyear_over30_ll/Hansen_GFC-2022-v1.10_lossyear_20N_090W.tif
       /spatial_data/Derived_Datasets/RASTER/GFC/2022_V1.10/lossyear_over30_ll/Hansen_GFC-2022-v1.10_lossyear_20N_100E.tif
       /spatial_data/Derived_Datasets/RASTER/GFC/2022_V1.10/lossyear_over30_ll/Hansen_GFC-2022-v1.10_lossyear_20N_100W.tif
       /spatial_data/Derived_Datasets/RASTER/GFC/2022_V1.10/lossyear_over30_ll/Hansen_GFC-2022-v1.10_lossyear_20N_110E.tif
       /spatial_data/Derived_Datasets/RASTER/GFC/2022_V1.10/lossyear_over30_ll/Hansen_GFC-2022-v1.10_lossyear_20N_110W.tif
       /spatial_data/Derived_Datasets/RASTER/GFC/2022_V1.10/lossyear_over30_ll/Hansen_GFC-2022-v1.10_lossyear_20N_120E.tif
       /spatial_data/Derived_Datasets/RASTER/GFC/2022_V1.10/lossyear_over30_ll/Hansen_GFC-2022-v1.10_lossyear_20N_120W.tif
       /spatial_data/Derived_Datasets/RASTER/GFC/2022_V1.10/lossyear_over30_ll/Hansen_GFC-2022-v1.10_lossyear_20N_130E.tif
       /spatial_data/Derived_Datasets/RASTER/GFC/2022_V1.10/lossyear_over30_ll/Hansen_GFC-2022-v1.10_lossyear_20N_130W.tif
       /spatial_data/Derived_Datasets/RASTER/GFC/2022_V1.10/lossyear_over30_ll/Hansen_GFC-2022-v1.10_lossyear_20N_140E.tif
       /spatial_data/Derived_Datasets/RASTER/GFC/2022_V1.10/lossyear_over30_ll/Hansen_GFC-2022-v1.10_lossyear_20N_140W.tif
       /spatial_data/Derived_Datasets/RASTER/GFC/2022_V1.10/lossyear_over30_ll/Hansen_GFC-2022-v1.10_lossyear_20N_150E.tif
       /spatial_data/Derived_Datasets/RASTER/GFC/2022_V1.10/lossyear_over30_ll/Hansen_GFC-2022-v1.10_lossyear_20N_150W.tif
       /spatial_data/Derived_Datasets/RASTER/GFC/2022_V1.10/lossyear_over30_ll/Hansen_GFC-2022-v1.10_lossyear_20N_160E.tif
       /spatial_data/Derived_Datasets/RASTER/GFC/2022_V1.10/lossyear_over30_ll/Hansen_GFC-2022-v1.10_lossyear_20N_160W.tif
       /spatial_data/Derived_Datasets/RASTER/GFC/2022_V1.10/lossyear_over30_ll/Hansen_GFC-2022-v1.10_lossyear_20N_170E.tif
       /spatial_data/Derived_Datasets/RASTER/GFC/2022_V1.10/lossyear_over30_ll/Hansen_GFC-2022-v1.10_lossyear_20N_170W.tif
       /spatial_data/Derived_Datasets/RASTER/GFC/2022_V1.10/lossyear_over30_ll/Hansen_GFC-2022-v1.10_lossyear_20N_180W.tif
       /spatial_data/Derived_Datasets/RASTER/GFC/2022_V1.10/lossyear_over30_ll/Hansen_GFC-2022-v1.10_lossyear_20S_000E.tif
       /spatial_data/Derived_Datasets/RASTER/GFC/2022_V1.10/lossyear_over30_ll/Hansen_GFC-2022-v1.10_lossyear_20S_010E.tif
       /spatial_data/Derived_Datasets/RASTER/GFC/2022_V1.10/lossyear_over30_ll/Hansen_GFC-2022-v1.10_lossyear_20S_010W.tif
       /spatial_data/Derived_Datasets/RASTER/GFC/2022_V1.10/lossyear_over30_ll/Hansen_GFC-2022-v1.10_lossyear_20S_020E.tif
       /spatial_data/Derived_Datasets/RASTER/GFC/2022_V1.10/lossyear_over30_ll/Hansen_GFC-2022-v1.10_lossyear_20S_020W.tif
       /spatial_data/Derived_Datasets/RASTER/GFC/2022_V1.10/lossyear_over30_ll/Hansen_GFC-2022-v1.10_lossyear_20S_030E.tif
       /spatial_data/Derived_Datasets/RASTER/GFC/2022_V1.10/lossyear_over30_ll/Hansen_GFC-2022-v1.10_lossyear_20S_030W.tif
       /spatial_data/Derived_Datasets/RASTER/GFC/2022_V1.10/lossyear_over30_ll/Hansen_GFC-2022-v1.10_lossyear_20S_040E.tif
       /spatial_data/Derived_Datasets/RASTER/GFC/2022_V1.10/lossyear_over30_ll/Hansen_GFC-2022-v1.10_lossyear_20S_040W.tif
       /spatial_data/Derived_Datasets/RASTER/GFC/2022_V1.10/lossyear_over30_ll/Hansen_GFC-2022-v1.10_lossyear_20S_050E.tif
       /spatial_data/Derived_Datasets/RASTER/GFC/2022_V1.10/lossyear_over30_ll/Hansen_GFC-2022-v1.10_lossyear_20S_050W.tif
       /spatial_data/Derived_Datasets/RASTER/GFC/2022_V1.10/lossyear_over30_ll/Hansen_GFC-2022-v1.10_lossyear_20S_060E.tif
       /spatial_data/Derived_Datasets/RASTER/GFC/2022_V1.10/lossyear_over30_ll/Hansen_GFC-2022-v1.10_lossyear_20S_060W.tif
       /spatial_data/Derived_Datasets/RASTER/GFC/2022_V1.10/lossyear_over30_ll/Hansen_GFC-2022-v1.10_lossyear_20S_070E.tif
       /spatial_data/Derived_Datasets/RASTER/GFC/2022_V1.10/lossyear_over30_ll/Hansen_GFC-2022-v1.10_lossyear_20S_070W.tif
       /spatial_data/Derived_Datasets/RASTER/GFC/2022_V1.10/lossyear_over30_ll/Hansen_GFC-2022-v1.10_lossyear_20S_080E.tif
       /spatial_data/Derived_Datasets/RASTER/GFC/2022_V1.10/lossyear_over30_ll/Hansen_GFC-2022-v1.10_lossyear_20S_080W.tif
       /spatial_data/Derived_Datasets/RASTER/GFC/2022_V1.10/lossyear_over30_ll/Hansen_GFC-2022-v1.10_lossyear_20S_090E.tif
       /spatial_data/Derived_Datasets/RASTER/GFC/2022_V1.10/lossyear_over30_ll/Hansen_GFC-2022-v1.10_lossyear_20S_090W.tif
       /spatial_data/Derived_Datasets/RASTER/GFC/2022_V1.10/lossyear_over30_ll/Hansen_GFC-2022-v1.10_lossyear_20S_100E.tif
       /spatial_data/Derived_Datasets/RASTER/GFC/2022_V1.10/lossyear_over30_ll/Hansen_GFC-2022-v1.10_lossyear_20S_100W.tif
       /spatial_data/Derived_Datasets/RASTER/GFC/2022_V1.10/lossyear_over30_ll/Hansen_GFC-2022-v1.10_lossyear_20S_110E.tif
       /spatial_data/Derived_Datasets/RASTER/GFC/2022_V1.10/lossyear_over30_ll/Hansen_GFC-2022-v1.10_lossyear_20S_110W.tif
       /spatial_data/Derived_Datasets/RASTER/GFC/2022_V1.10/lossyear_over30_ll/Hansen_GFC-2022-v1.10_lossyear_20S_120E.tif
       /spatial_data/Derived_Datasets/RASTER/GFC/2022_V1.10/lossyear_over30_ll/Hansen_GFC-2022-v1.10_lossyear_20S_120W.tif
       /spatial_data/Derived_Datasets/RASTER/GFC/2022_V1.10/lossyear_over30_ll/Hansen_GFC-2022-v1.10_lossyear_20S_130E.tif
       /spatial_data/Derived_Datasets/RASTER/GFC/2022_V1.10/lossyear_over30_ll/Hansen_GFC-2022-v1.10_lossyear_20S_130W.tif
       /spatial_data/Derived_Datasets/RASTER/GFC/2022_V1.10/lossyear_over30_ll/Hansen_GFC-2022-v1.10_lossyear_20S_140E.tif
       /spatial_data/Derived_Datasets/RASTER/GFC/2022_V1.10/lossyear_over30_ll/Hansen_GFC-2022-v1.10_lossyear_20S_140W.tif
       /spatial_data/Derived_Datasets/RASTER/GFC/2022_V1.10/lossyear_over30_ll/Hansen_GFC-2022-v1.10_lossyear_20S_150E.tif
       /spatial_data/Derived_Datasets/RASTER/GFC/2022_V1.10/lossyear_over30_ll/Hansen_GFC-2022-v1.10_lossyear_20S_150W.tif
       /spatial_data/Derived_Datasets/RASTER/GFC/2022_V1.10/lossyear_over30_ll/Hansen_GFC-2022-v1.10_lossyear_20S_160E.tif
       /spatial_data/Derived_Datasets/RASTER/GFC/2022_V1.10/lossyear_over30_ll/Hansen_GFC-2022-v1.10_lossyear_20S_160W.tif
       /spatial_data/Derived_Datasets/RASTER/GFC/2022_V1.10/lossyear_over30_ll/Hansen_GFC-2022-v1.10_lossyear_20S_170E.tif
       /spatial_data/Derived_Datasets/RASTER/GFC/2022_V1.10/lossyear_over30_ll/Hansen_GFC-2022-v1.10_lossyear_20S_170W.tif
       /spatial_data/Derived_Datasets/RASTER/GFC/2022_V1.10/lossyear_over30_ll/Hansen_GFC-2022-v1.10_lossyear_20S_180W.tif
       /spatial_data/Derived_Datasets/RASTER/GFC/2022_V1.10/lossyear_over30_ll/Hansen_GFC-2022-v1.10_lossyear_30N_000E.tif
       /spatial_data/Derived_Datasets/RASTER/GFC/2022_V1.10/lossyear_over30_ll/Hansen_GFC-2022-v1.10_lossyear_30N_010E.tif
       /spatial_data/Derived_Datasets/RASTER/GFC/2022_V1.10/lossyear_over30_ll/Hansen_GFC-2022-v1.10_lossyear_30N_010W.tif
       /spatial_data/Derived_Datasets/RASTER/GFC/2022_V1.10/lossyear_over30_ll/Hansen_GFC-2022-v1.10_lossyear_30N_020E.tif
       /spatial_data/Derived_Datasets/RASTER/GFC/2022_V1.10/lossyear_over30_ll/Hansen_GFC-2022-v1.10_lossyear_30N_020W.tif
       /spatial_data/Derived_Datasets/RASTER/GFC/2022_V1.10/lossyear_over30_ll/Hansen_GFC-2022-v1.10_lossyear_30N_030E.tif
       /spatial_data/Derived_Datasets/RASTER/GFC/2022_V1.10/lossyear_over30_ll/Hansen_GFC-2022-v1.10_lossyear_30N_030W.tif
       /spatial_data/Derived_Datasets/RASTER/GFC/2022_V1.10/lossyear_over30_ll/Hansen_GFC-2022-v1.10_lossyear_30N_040E.tif
       /spatial_data/Derived_Datasets/RASTER/GFC/2022_V1.10/lossyear_over30_ll/Hansen_GFC-2022-v1.10_lossyear_30N_040W.tif
       /spatial_data/Derived_Datasets/RASTER/GFC/2022_V1.10/lossyear_over30_ll/Hansen_GFC-2022-v1.10_lossyear_30N_050E.tif
       /spatial_data/Derived_Datasets/RASTER/GFC/2022_V1.10/lossyear_over30_ll/Hansen_GFC-2022-v1.10_lossyear_30N_050W.tif
       /spatial_data/Derived_Datasets/RASTER/GFC/2022_V1.10/lossyear_over30_ll/Hansen_GFC-2022-v1.10_lossyear_30N_060E.tif
       /spatial_data/Derived_Datasets/RASTER/GFC/2022_V1.10/lossyear_over30_ll/Hansen_GFC-2022-v1.10_lossyear_30N_060W.tif
       /spatial_data/Derived_Datasets/RASTER/GFC/2022_V1.10/lossyear_over30_ll/Hansen_GFC-2022-v1.10_lossyear_30N_070E.tif
       /spatial_data/Derived_Datasets/RASTER/GFC/2022_V1.10/lossyear_over30_ll/Hansen_GFC-2022-v1.10_lossyear_30N_070W.tif
       /spatial_data/Derived_Datasets/RASTER/GFC/2022_V1.10/lossyear_over30_ll/Hansen_GFC-2022-v1.10_lossyear_30N_080E.tif
       /spatial_data/Derived_Datasets/RASTER/GFC/2022_V1.10/lossyear_over30_ll/Hansen_GFC-2022-v1.10_lossyear_30N_080W.tif
       /spatial_data/Derived_Datasets/RASTER/GFC/2022_V1.10/lossyear_over30_ll/Hansen_GFC-2022-v1.10_lossyear_30N_090E.tif
       /spatial_data/Derived_Datasets/RASTER/GFC/2022_V1.10/lossyear_over30_ll/Hansen_GFC-2022-v1.10_lossyear_30N_090W.tif
       /spatial_data/Derived_Datasets/RASTER/GFC/2022_V1.10/lossyear_over30_ll/Hansen_GFC-2022-v1.10_lossyear_30N_100E.tif
       /spatial_data/Derived_Datasets/RASTER/GFC/2022_V1.10/lossyear_over30_ll/Hansen_GFC-2022-v1.10_lossyear_30N_100W.tif
       /spatial_data/Derived_Datasets/RASTER/GFC/2022_V1.10/lossyear_over30_ll/Hansen_GFC-2022-v1.10_lossyear_30N_110E.tif
       /spatial_data/Derived_Datasets/RASTER/GFC/2022_V1.10/lossyear_over30_ll/Hansen_GFC-2022-v1.10_lossyear_30N_110W.tif
       /spatial_data/Derived_Datasets/RASTER/GFC/2022_V1.10/lossyear_over30_ll/Hansen_GFC-2022-v1.10_lossyear_30N_120E.tif
       /spatial_data/Derived_Datasets/RASTER/GFC/2022_V1.10/lossyear_over30_ll/Hansen_GFC-2022-v1.10_lossyear_30N_120W.tif
       /spatial_data/Derived_Datasets/RASTER/GFC/2022_V1.10/lossyear_over30_ll/Hansen_GFC-2022-v1.10_lossyear_30N_130E.tif
       /spatial_data/Derived_Datasets/RASTER/GFC/2022_V1.10/lossyear_over30_ll/Hansen_GFC-2022-v1.10_lossyear_30N_130W.tif
       /spatial_data/Derived_Datasets/RASTER/GFC/2022_V1.10/lossyear_over30_ll/Hansen_GFC-2022-v1.10_lossyear_30N_140E.tif
       /spatial_data/Derived_Datasets/RASTER/GFC/2022_V1.10/lossyear_over30_ll/Hansen_GFC-2022-v1.10_lossyear_30N_140W.tif
       /spatial_data/Derived_Datasets/RASTER/GFC/2022_V1.10/lossyear_over30_ll/Hansen_GFC-2022-v1.10_lossyear_30N_150E.tif
       /spatial_data/Derived_Datasets/RASTER/GFC/2022_V1.10/lossyear_over30_ll/Hansen_GFC-2022-v1.10_lossyear_30N_150W.tif
       /spatial_data/Derived_Datasets/RASTER/GFC/2022_V1.10/lossyear_over30_ll/Hansen_GFC-2022-v1.10_lossyear_30N_160E.tif
       /spatial_data/Derived_Datasets/RASTER/GFC/2022_V1.10/lossyear_over30_ll/Hansen_GFC-2022-v1.10_lossyear_30N_160W.tif
       /spatial_data/Derived_Datasets/RASTER/GFC/2022_V1.10/lossyear_over30_ll/Hansen_GFC-2022-v1.10_lossyear_30N_170E.tif
       /spatial_data/Derived_Datasets/RASTER/GFC/2022_V1.10/lossyear_over30_ll/Hansen_GFC-2022-v1.10_lossyear_30N_170W.tif
       /spatial_data/Derived_Datasets/RASTER/GFC/2022_V1.10/lossyear_over30_ll/Hansen_GFC-2022-v1.10_lossyear_30N_180W.tif
       /spatial_data/Derived_Datasets/RASTER/GFC/2022_V1.10/lossyear_over30_ll/Hansen_GFC-2022-v1.10_lossyear_30S_000E.tif
       /spatial_data/Derived_Datasets/RASTER/GFC/2022_V1.10/lossyear_over30_ll/Hansen_GFC-2022-v1.10_lossyear_30S_010E.tif
       /spatial_data/Derived_Datasets/RASTER/GFC/2022_V1.10/lossyear_over30_ll/Hansen_GFC-2022-v1.10_lossyear_30S_010W.tif
       /spatial_data/Derived_Datasets/RASTER/GFC/2022_V1.10/lossyear_over30_ll/Hansen_GFC-2022-v1.10_lossyear_30S_020E.tif
       /spatial_data/Derived_Datasets/RASTER/GFC/2022_V1.10/lossyear_over30_ll/Hansen_GFC-2022-v1.10_lossyear_30S_020W.tif
       /spatial_data/Derived_Datasets/RASTER/GFC/2022_V1.10/lossyear_over30_ll/Hansen_GFC-2022-v1.10_lossyear_30S_030E.tif
       /spatial_data/Derived_Datasets/RASTER/GFC/2022_V1.10/lossyear_over30_ll/Hansen_GFC-2022-v1.10_lossyear_30S_030W.tif
       /spatial_data/Derived_Datasets/RASTER/GFC/2022_V1.10/lossyear_over30_ll/Hansen_GFC-2022-v1.10_lossyear_30S_040E.tif
       /spatial_data/Derived_Datasets/RASTER/GFC/2022_V1.10/lossyear_over30_ll/Hansen_GFC-2022-v1.10_lossyear_30S_040W.tif
       /spatial_data/Derived_Datasets/RASTER/GFC/2022_V1.10/lossyear_over30_ll/Hansen_GFC-2022-v1.10_lossyear_30S_050E.tif
       /spatial_data/Derived_Datasets/RASTER/GFC/2022_V1.10/lossyear_over30_ll/Hansen_GFC-2022-v1.10_lossyear_30S_050W.tif
       /spatial_data/Derived_Datasets/RASTER/GFC/2022_V1.10/lossyear_over30_ll/Hansen_GFC-2022-v1.10_lossyear_30S_060E.tif
       /spatial_data/Derived_Datasets/RASTER/GFC/2022_V1.10/lossyear_over30_ll/Hansen_GFC-2022-v1.10_lossyear_30S_060W.tif
       /spatial_data/Derived_Datasets/RASTER/GFC/2022_V1.10/lossyear_over30_ll/Hansen_GFC-2022-v1.10_lossyear_30S_070E.tif
       /spatial_data/Derived_Datasets/RASTER/GFC/2022_V1.10/lossyear_over30_ll/Hansen_GFC-2022-v1.10_lossyear_30S_070W.tif
       /spatial_data/Derived_Datasets/RASTER/GFC/2022_V1.10/lossyear_over30_ll/Hansen_GFC-2022-v1.10_lossyear_30S_080E.tif
       /spatial_data/Derived_Datasets/RASTER/GFC/2022_V1.10/lossyear_over30_ll/Hansen_GFC-2022-v1.10_lossyear_30S_080W.tif
       /spatial_data/Derived_Datasets/RASTER/GFC/2022_V1.10/lossyear_over30_ll/Hansen_GFC-2022-v1.10_lossyear_30S_090E.tif
       /spatial_data/Derived_Datasets/RASTER/GFC/2022_V1.10/lossyear_over30_ll/Hansen_GFC-2022-v1.10_lossyear_30S_090W.tif
       /spatial_data/Derived_Datasets/RASTER/GFC/2022_V1.10/lossyear_over30_ll/Hansen_GFC-2022-v1.10_lossyear_30S_100E.tif
       /spatial_data/Derived_Datasets/RASTER/GFC/2022_V1.10/lossyear_over30_ll/Hansen_GFC-2022-v1.10_lossyear_30S_100W.tif
       /spatial_data/Derived_Datasets/RASTER/GFC/2022_V1.10/lossyear_over30_ll/Hansen_GFC-2022-v1.10_lossyear_30S_110E.tif
       /spatial_data/Derived_Datasets/RASTER/GFC/2022_V1.10/lossyear_over30_ll/Hansen_GFC-2022-v1.10_lossyear_30S_110W.tif
       /spatial_data/Derived_Datasets/RASTER/GFC/2022_V1.10/lossyear_over30_ll/Hansen_GFC-2022-v1.10_lossyear_30S_120E.tif
       /spatial_data/Derived_Datasets/RASTER/GFC/2022_V1.10/lossyear_over30_ll/Hansen_GFC-2022-v1.10_lossyear_30S_120W.tif
       /spatial_data/Derived_Datasets/RASTER/GFC/2022_V1.10/lossyear_over30_ll/Hansen_GFC-2022-v1.10_lossyear_30S_130E.tif
       /spatial_data/Derived_Datasets/RASTER/GFC/2022_V1.10/lossyear_over30_ll/Hansen_GFC-2022-v1.10_lossyear_30S_130W.tif
       /spatial_data/Derived_Datasets/RASTER/GFC/2022_V1.10/lossyear_over30_ll/Hansen_GFC-2022-v1.10_lossyear_30S_140E.tif
       /spatial_data/Derived_Datasets/RASTER/GFC/2022_V1.10/lossyear_over30_ll/Hansen_GFC-2022-v1.10_lossyear_30S_140W.tif
       /spatial_data/Derived_Datasets/RASTER/GFC/2022_V1.10/lossyear_over30_ll/Hansen_GFC-2022-v1.10_lossyear_30S_150E.tif
       /spatial_data/Derived_Datasets/RASTER/GFC/2022_V1.10/lossyear_over30_ll/Hansen_GFC-2022-v1.10_lossyear_30S_150W.tif
       /spatial_data/Derived_Datasets/RASTER/GFC/2022_V1.10/lossyear_over30_ll/Hansen_GFC-2022-v1.10_lossyear_30S_160E.tif
       /spatial_data/Derived_Datasets/RASTER/GFC/2022_V1.10/lossyear_over30_ll/Hansen_GFC-2022-v1.10_lossyear_30S_160W.tif
       /spatial_data/Derived_Datasets/RASTER/GFC/2022_V1.10/lossyear_over30_ll/Hansen_GFC-2022-v1.10_lossyear_30S_170E.tif
       /spatial_data/Derived_Datasets/RASTER/GFC/2022_V1.10/lossyear_over30_ll/Hansen_GFC-2022-v1.10_lossyear_30S_170W.tif
       /spatial_data/Derived_Datasets/RASTER/GFC/2022_V1.10/lossyear_over30_ll/Hansen_GFC-2022-v1.10_lossyear_30S_180W.tif
       /spatial_data/Derived_Datasets/RASTER/GFC/2022_V1.10/lossyear_over30_ll/Hansen_GFC-2022-v1.10_lossyear_40N_000E.tif
       /spatial_data/Derived_Datasets/RASTER/GFC/2022_V1.10/lossyear_over30_ll/Hansen_GFC-2022-v1.10_lossyear_40N_010E.tif
       /spatial_data/Derived_Datasets/RASTER/GFC/2022_V1.10/lossyear_over30_ll/Hansen_GFC-2022-v1.10_lossyear_40N_010W.tif
       /spatial_data/Derived_Datasets/RASTER/GFC/2022_V1.10/lossyear_over30_ll/Hansen_GFC-2022-v1.10_lossyear_40N_020E.tif
       /spatial_data/Derived_Datasets/RASTER/GFC/2022_V1.10/lossyear_over30_ll/Hansen_GFC-2022-v1.10_lossyear_40N_020W.tif
       /spatial_data/Derived_Datasets/RASTER/GFC/2022_V1.10/lossyear_over30_ll/Hansen_GFC-2022-v1.10_lossyear_40N_030E.tif
       /spatial_data/Derived_Datasets/RASTER/GFC/2022_V1.10/lossyear_over30_ll/Hansen_GFC-2022-v1.10_lossyear_40N_030W.tif
       /spatial_data/Derived_Datasets/RASTER/GFC/2022_V1.10/lossyear_over30_ll/Hansen_GFC-2022-v1.10_lossyear_40N_040E.tif
       /spatial_data/Derived_Datasets/RASTER/GFC/2022_V1.10/lossyear_over30_ll/Hansen_GFC-2022-v1.10_lossyear_40N_040W.tif
       /spatial_data/Derived_Datasets/RASTER/GFC/2022_V1.10/lossyear_over30_ll/Hansen_GFC-2022-v1.10_lossyear_40N_050E.tif
       /spatial_data/Derived_Datasets/RASTER/GFC/2022_V1.10/lossyear_over30_ll/Hansen_GFC-2022-v1.10_lossyear_40N_050W.tif
       /spatial_data/Derived_Datasets/RASTER/GFC/2022_V1.10/lossyear_over30_ll/Hansen_GFC-2022-v1.10_lossyear_40N_060E.tif
       /spatial_data/Derived_Datasets/RASTER/GFC/2022_V1.10/lossyear_over30_ll/Hansen_GFC-2022-v1.10_lossyear_40N_060W.tif
       /spatial_data/Derived_Datasets/RASTER/GFC/2022_V1.10/lossyear_over30_ll/Hansen_GFC-2022-v1.10_lossyear_40N_070E.tif
       /spatial_data/Derived_Datasets/RASTER/GFC/2022_V1.10/lossyear_over30_ll/Hansen_GFC-2022-v1.10_lossyear_40N_070W.tif
       /spatial_data/Derived_Datasets/RASTER/GFC/2022_V1.10/lossyear_over30_ll/Hansen_GFC-2022-v1.10_lossyear_40N_080E.tif
       /spatial_data/Derived_Datasets/RASTER/GFC/2022_V1.10/lossyear_over30_ll/Hansen_GFC-2022-v1.10_lossyear_40N_080W.tif
       /spatial_data/Derived_Datasets/RASTER/GFC/2022_V1.10/lossyear_over30_ll/Hansen_GFC-2022-v1.10_lossyear_40N_090E.tif
       /spatial_data/Derived_Datasets/RASTER/GFC/2022_V1.10/lossyear_over30_ll/Hansen_GFC-2022-v1.10_lossyear_40N_090W.tif
       /spatial_data/Derived_Datasets/RASTER/GFC/2022_V1.10/lossyear_over30_ll/Hansen_GFC-2022-v1.10_lossyear_40N_100E.tif
       /spatial_data/Derived_Datasets/RASTER/GFC/2022_V1.10/lossyear_over30_ll/Hansen_GFC-2022-v1.10_lossyear_40N_100W.tif
       /spatial_data/Derived_Datasets/RASTER/GFC/2022_V1.10/lossyear_over30_ll/Hansen_GFC-2022-v1.10_lossyear_40N_110E.tif
       /spatial_data/Derived_Datasets/RASTER/GFC/2022_V1.10/lossyear_over30_ll/Hansen_GFC-2022-v1.10_lossyear_40N_110W.tif
       /spatial_data/Derived_Datasets/RASTER/GFC/2022_V1.10/lossyear_over30_ll/Hansen_GFC-2022-v1.10_lossyear_40N_120E.tif
       /spatial_data/Derived_Datasets/RASTER/GFC/2022_V1.10/lossyear_over30_ll/Hansen_GFC-2022-v1.10_lossyear_40N_120W.tif
       /spatial_data/Derived_Datasets/RASTER/GFC/2022_V1.10/lossyear_over30_ll/Hansen_GFC-2022-v1.10_lossyear_40N_130E.tif
       /spatial_data/Derived_Datasets/RASTER/GFC/2022_V1.10/lossyear_over30_ll/Hansen_GFC-2022-v1.10_lossyear_40N_130W.tif
       /spatial_data/Derived_Datasets/RASTER/GFC/2022_V1.10/lossyear_over30_ll/Hansen_GFC-2022-v1.10_lossyear_40N_140E.tif
       /spatial_data/Derived_Datasets/RASTER/GFC/2022_V1.10/lossyear_over30_ll/Hansen_GFC-2022-v1.10_lossyear_40N_140W.tif
       /spatial_data/Derived_Datasets/RASTER/GFC/2022_V1.10/lossyear_over30_ll/Hansen_GFC-2022-v1.10_lossyear_40N_150E.tif
       /spatial_data/Derived_Datasets/RASTER/GFC/2022_V1.10/lossyear_over30_ll/Hansen_GFC-2022-v1.10_lossyear_40N_150W.tif
       /spatial_data/Derived_Datasets/RASTER/GFC/2022_V1.10/lossyear_over30_ll/Hansen_GFC-2022-v1.10_lossyear_40N_160E.tif
       /spatial_data/Derived_Datasets/RASTER/GFC/2022_V1.10/lossyear_over30_ll/Hansen_GFC-2022-v1.10_lossyear_40N_160W.tif
       /spatial_data/Derived_Datasets/RASTER/GFC/2022_V1.10/lossyear_over30_ll/Hansen_GFC-2022-v1.10_lossyear_40N_170E.tif
       /spatial_data/Derived_Datasets/RASTER/GFC/2022_V1.10/lossyear_over30_ll/Hansen_GFC-2022-v1.10_lossyear_40N_170W.tif
       /spatial_data/Derived_Datasets/RASTER/GFC/2022_V1.10/lossyear_over30_ll/Hansen_GFC-2022-v1.10_lossyear_40N_180W.tif
       /spatial_data/Derived_Datasets/RASTER/GFC/2022_V1.10/lossyear_over30_ll/Hansen_GFC-2022-v1.10_lossyear_40S_000E.tif
       /spatial_data/Derived_Datasets/RASTER/GFC/2022_V1.10/lossyear_over30_ll/Hansen_GFC-2022-v1.10_lossyear_40S_010E.tif
       /spatial_data/Derived_Datasets/RASTER/GFC/2022_V1.10/lossyear_over30_ll/Hansen_GFC-2022-v1.10_lossyear_40S_010W.tif
       /spatial_data/Derived_Datasets/RASTER/GFC/2022_V1.10/lossyear_over30_ll/Hansen_GFC-2022-v1.10_lossyear_40S_020E.tif
       /spatial_data/Derived_Datasets/RASTER/GFC/2022_V1.10/lossyear_over30_ll/Hansen_GFC-2022-v1.10_lossyear_40S_020W.tif
       /spatial_data/Derived_Datasets/RASTER/GFC/2022_V1.10/lossyear_over30_ll/Hansen_GFC-2022-v1.10_lossyear_40S_030E.tif
       /spatial_data/Derived_Datasets/RASTER/GFC/2022_V1.10/lossyear_over30_ll/Hansen_GFC-2022-v1.10_lossyear_40S_030W.tif
       /spatial_data/Derived_Datasets/RASTER/GFC/2022_V1.10/lossyear_over30_ll/Hansen_GFC-2022-v1.10_lossyear_40S_040E.tif
       /spatial_data/Derived_Datasets/RASTER/GFC/2022_V1.10/lossyear_over30_ll/Hansen_GFC-2022-v1.10_lossyear_40S_040W.tif
       /spatial_data/Derived_Datasets/RASTER/GFC/2022_V1.10/lossyear_over30_ll/Hansen_GFC-2022-v1.10_lossyear_40S_050E.tif
       /spatial_data/Derived_Datasets/RASTER/GFC/2022_V1.10/lossyear_over30_ll/Hansen_GFC-2022-v1.10_lossyear_40S_050W.tif
       /spatial_data/Derived_Datasets/RASTER/GFC/2022_V1.10/lossyear_over30_ll/Hansen_GFC-2022-v1.10_lossyear_40S_060E.tif
       /spatial_data/Derived_Datasets/RASTER/GFC/2022_V1.10/lossyear_over30_ll/Hansen_GFC-2022-v1.10_lossyear_40S_060W.tif
       /spatial_data/Derived_Datasets/RASTER/GFC/2022_V1.10/lossyear_over30_ll/Hansen_GFC-2022-v1.10_lossyear_40S_070E.tif
       /spatial_data/Derived_Datasets/RASTER/GFC/2022_V1.10/lossyear_over30_ll/Hansen_GFC-2022-v1.10_lossyear_40S_070W.tif
       /spatial_data/Derived_Datasets/RASTER/GFC/2022_V1.10/lossyear_over30_ll/Hansen_GFC-2022-v1.10_lossyear_40S_080E.tif
       /spatial_data/Derived_Datasets/RASTER/GFC/2022_V1.10/lossyear_over30_ll/Hansen_GFC-2022-v1.10_lossyear_40S_080W.tif
       /spatial_data/Derived_Datasets/RASTER/GFC/2022_V1.10/lossyear_over30_ll/Hansen_GFC-2022-v1.10_lossyear_40S_090E.tif
       /spatial_data/Derived_Datasets/RASTER/GFC/2022_V1.10/lossyear_over30_ll/Hansen_GFC-2022-v1.10_lossyear_40S_090W.tif
       /spatial_data/Derived_Datasets/RASTER/GFC/2022_V1.10/lossyear_over30_ll/Hansen_GFC-2022-v1.10_lossyear_40S_100E.tif
       /spatial_data/Derived_Datasets/RASTER/GFC/2022_V1.10/lossyear_over30_ll/Hansen_GFC-2022-v1.10_lossyear_40S_100W.tif
       /spatial_data/Derived_Datasets/RASTER/GFC/2022_V1.10/lossyear_over30_ll/Hansen_GFC-2022-v1.10_lossyear_40S_110E.tif
       /spatial_data/Derived_Datasets/RASTER/GFC/2022_V1.10/lossyear_over30_ll/Hansen_GFC-2022-v1.10_lossyear_40S_110W.tif
       /spatial_data/Derived_Datasets/RASTER/GFC/2022_V1.10/lossyear_over30_ll/Hansen_GFC-2022-v1.10_lossyear_40S_120E.tif
       /spatial_data/Derived_Datasets/RASTER/GFC/2022_V1.10/lossyear_over30_ll/Hansen_GFC-2022-v1.10_lossyear_40S_120W.tif
       /spatial_data/Derived_Datasets/RASTER/GFC/2022_V1.10/lossyear_over30_ll/Hansen_GFC-2022-v1.10_lossyear_40S_130E.tif
       /spatial_data/Derived_Datasets/RASTER/GFC/2022_V1.10/lossyear_over30_ll/Hansen_GFC-2022-v1.10_lossyear_40S_130W.tif
       /spatial_data/Derived_Datasets/RASTER/GFC/2022_V1.10/lossyear_over30_ll/Hansen_GFC-2022-v1.10_lossyear_40S_140E.tif
       /spatial_data/Derived_Datasets/RASTER/GFC/2022_V1.10/lossyear_over30_ll/Hansen_GFC-2022-v1.10_lossyear_40S_140W.tif
       /spatial_data/Derived_Datasets/RASTER/GFC/2022_V1.10/lossyear_over30_ll/Hansen_GFC-2022-v1.10_lossyear_40S_150E.tif
       /spatial_data/Derived_Datasets/RASTER/GFC/2022_V1.10/lossyear_over30_ll/Hansen_GFC-2022-v1.10_lossyear_40S_150W.tif
       /spatial_data/Derived_Datasets/RASTER/GFC/2022_V1.10/lossyear_over30_ll/Hansen_GFC-2022-v1.10_lossyear_40S_160E.tif
       /spatial_data/Derived_Datasets/RASTER/GFC/2022_V1.10/lossyear_over30_ll/Hansen_GFC-2022-v1.10_lossyear_40S_160W.tif
       /spatial_data/Derived_Datasets/RASTER/GFC/2022_V1.10/lossyear_over30_ll/Hansen_GFC-2022-v1.10_lossyear_40S_170E.tif
       /spatial_data/Derived_Datasets/RASTER/GFC/2022_V1.10/lossyear_over30_ll/Hansen_GFC-2022-v1.10_lossyear_40S_170W.tif
       /spatial_data/Derived_Datasets/RASTER/GFC/2022_V1.10/lossyear_over30_ll/Hansen_GFC-2022-v1.10_lossyear_40S_180W.tif
       /spatial_data/Derived_Datasets/RASTER/GFC/2022_V1.10/lossyear_over30_ll/Hansen_GFC-2022-v1.10_lossyear_50N_000E.tif
       /spatial_data/Derived_Datasets/RASTER/GFC/2022_V1.10/lossyear_over30_ll/Hansen_GFC-2022-v1.10_lossyear_50N_010E.tif
       /spatial_data/Derived_Datasets/RASTER/GFC/2022_V1.10/lossyear_over30_ll/Hansen_GFC-2022-v1.10_lossyear_50N_010W.tif
       /spatial_data/Derived_Datasets/RASTER/GFC/2022_V1.10/lossyear_over30_ll/Hansen_GFC-2022-v1.10_lossyear_50N_020E.tif
       /spatial_data/Derived_Datasets/RASTER/GFC/2022_V1.10/lossyear_over30_ll/Hansen_GFC-2022-v1.10_lossyear_50N_020W.tif
       /spatial_data/Derived_Datasets/RASTER/GFC/2022_V1.10/lossyear_over30_ll/Hansen_GFC-2022-v1.10_lossyear_50N_030E.tif
       /spatial_data/Derived_Datasets/RASTER/GFC/2022_V1.10/lossyear_over30_ll/Hansen_GFC-2022-v1.10_lossyear_50N_030W.tif
       /spatial_data/Derived_Datasets/RASTER/GFC/2022_V1.10/lossyear_over30_ll/Hansen_GFC-2022-v1.10_lossyear_50N_040E.tif
       /spatial_data/Derived_Datasets/RASTER/GFC/2022_V1.10/lossyear_over30_ll/Hansen_GFC-2022-v1.10_lossyear_50N_040W.tif
       /spatial_data/Derived_Datasets/RASTER/GFC/2022_V1.10/lossyear_over30_ll/Hansen_GFC-2022-v1.10_lossyear_50N_050E.tif
       /spatial_data/Derived_Datasets/RASTER/GFC/2022_V1.10/lossyear_over30_ll/Hansen_GFC-2022-v1.10_lossyear_50N_050W.tif
       /spatial_data/Derived_Datasets/RASTER/GFC/2022_V1.10/lossyear_over30_ll/Hansen_GFC-2022-v1.10_lossyear_50N_060E.tif
       /spatial_data/Derived_Datasets/RASTER/GFC/2022_V1.10/lossyear_over30_ll/Hansen_GFC-2022-v1.10_lossyear_50N_060W.tif
       /spatial_data/Derived_Datasets/RASTER/GFC/2022_V1.10/lossyear_over30_ll/Hansen_GFC-2022-v1.10_lossyear_50N_070E.tif
       /spatial_data/Derived_Datasets/RASTER/GFC/2022_V1.10/lossyear_over30_ll/Hansen_GFC-2022-v1.10_lossyear_50N_070W.tif
       /spatial_data/Derived_Datasets/RASTER/GFC/2022_V1.10/lossyear_over30_ll/Hansen_GFC-2022-v1.10_lossyear_50N_080E.tif
       /spatial_data/Derived_Datasets/RASTER/GFC/2022_V1.10/lossyear_over30_ll/Hansen_GFC-2022-v1.10_lossyear_50N_080W.tif
       /spatial_data/Derived_Datasets/RASTER/GFC/2022_V1.10/lossyear_over30_ll/Hansen_GFC-2022-v1.10_lossyear_50N_090E.tif
       /spatial_data/Derived_Datasets/RASTER/GFC/2022_V1.10/lossyear_over30_ll/Hansen_GFC-2022-v1.10_lossyear_50N_090W.tif
       /spatial_data/Derived_Datasets/RASTER/GFC/2022_V1.10/lossyear_over30_ll/Hansen_GFC-2022-v1.10_lossyear_50N_100E.tif
       /spatial_data/Derived_Datasets/RASTER/GFC/2022_V1.10/lossyear_over30_ll/Hansen_GFC-2022-v1.10_lossyear_50N_100W.tif
       /spatial_data/Derived_Datasets/RASTER/GFC/2022_V1.10/lossyear_over30_ll/Hansen_GFC-2022-v1.10_lossyear_50N_110E.tif
       /spatial_data/Derived_Datasets/RASTER/GFC/2022_V1.10/lossyear_over30_ll/Hansen_GFC-2022-v1.10_lossyear_50N_110W.tif
       /spatial_data/Derived_Datasets/RASTER/GFC/2022_V1.10/lossyear_over30_ll/Hansen_GFC-2022-v1.10_lossyear_50N_120E.tif
       /spatial_data/Derived_Datasets/RASTER/GFC/2022_V1.10/lossyear_over30_ll/Hansen_GFC-2022-v1.10_lossyear_50N_120W.tif
       /spatial_data/Derived_Datasets/RASTER/GFC/2022_V1.10/lossyear_over30_ll/Hansen_GFC-2022-v1.10_lossyear_50N_130E.tif
       /spatial_data/Derived_Datasets/RASTER/GFC/2022_V1.10/lossyear_over30_ll/Hansen_GFC-2022-v1.10_lossyear_50N_130W.tif
       /spatial_data/Derived_Datasets/RASTER/GFC/2022_V1.10/lossyear_over30_ll/Hansen_GFC-2022-v1.10_lossyear_50N_140E.tif
       /spatial_data/Derived_Datasets/RASTER/GFC/2022_V1.10/lossyear_over30_ll/Hansen_GFC-2022-v1.10_lossyear_50N_140W.tif
       /spatial_data/Derived_Datasets/RASTER/GFC/2022_V1.10/lossyear_over30_ll/Hansen_GFC-2022-v1.10_lossyear_50N_150E.tif
       /spatial_data/Derived_Datasets/RASTER/GFC/2022_V1.10/lossyear_over30_ll/Hansen_GFC-2022-v1.10_lossyear_50N_150W.tif
       /spatial_data/Derived_Datasets/RASTER/GFC/2022_V1.10/lossyear_over30_ll/Hansen_GFC-2022-v1.10_lossyear_50N_160E.tif
       /spatial_data/Derived_Datasets/RASTER/GFC/2022_V1.10/lossyear_over30_ll/Hansen_GFC-2022-v1.10_lossyear_50N_160W.tif
       /spatial_data/Derived_Datasets/RASTER/GFC/2022_V1.10/lossyear_over30_ll/Hansen_GFC-2022-v1.10_lossyear_50N_170E.tif
       /spatial_data/Derived_Datasets/RASTER/GFC/2022_V1.10/lossyear_over30_ll/Hansen_GFC-2022-v1.10_lossyear_50N_170W.tif
       /spatial_data/Derived_Datasets/RASTER/GFC/2022_V1.10/lossyear_over30_ll/Hansen_GFC-2022-v1.10_lossyear_50N_180W.tif
       /spatial_data/Derived_Datasets/RASTER/GFC/2022_V1.10/lossyear_over30_ll/Hansen_GFC-2022-v1.10_lossyear_50S_000E.tif
       /spatial_data/Derived_Datasets/RASTER/GFC/2022_V1.10/lossyear_over30_ll/Hansen_GFC-2022-v1.10_lossyear_50S_010E.tif
       /spatial_data/Derived_Datasets/RASTER/GFC/2022_V1.10/lossyear_over30_ll/Hansen_GFC-2022-v1.10_lossyear_50S_010W.tif
       /spatial_data/Derived_Datasets/RASTER/GFC/2022_V1.10/lossyear_over30_ll/Hansen_GFC-2022-v1.10_lossyear_50S_020E.tif
       /spatial_data/Derived_Datasets/RASTER/GFC/2022_V1.10/lossyear_over30_ll/Hansen_GFC-2022-v1.10_lossyear_50S_020W.tif
       /spatial_data/Derived_Datasets/RASTER/GFC/2022_V1.10/lossyear_over30_ll/Hansen_GFC-2022-v1.10_lossyear_50S_030E.tif
       /spatial_data/Derived_Datasets/RASTER/GFC/2022_V1.10/lossyear_over30_ll/Hansen_GFC-2022-v1.10_lossyear_50S_030W.tif
       /spatial_data/Derived_Datasets/RASTER/GFC/2022_V1.10/lossyear_over30_ll/Hansen_GFC-2022-v1.10_lossyear_50S_040E.tif
       /spatial_data/Derived_Datasets/RASTER/GFC/2022_V1.10/lossyear_over30_ll/Hansen_GFC-2022-v1.10_lossyear_50S_040W.tif
       /spatial_data/Derived_Datasets/RASTER/GFC/2022_V1.10/lossyear_over30_ll/Hansen_GFC-2022-v1.10_lossyear_50S_050E.tif
       /spatial_data/Derived_Datasets/RASTER/GFC/2022_V1.10/lossyear_over30_ll/Hansen_GFC-2022-v1.10_lossyear_50S_050W.tif
       /spatial_data/Derived_Datasets/RASTER/GFC/2022_V1.10/lossyear_over30_ll/Hansen_GFC-2022-v1.10_lossyear_50S_060E.tif
       /spatial_data/Derived_Datasets/RASTER/GFC/2022_V1.10/lossyear_over30_ll/Hansen_GFC-2022-v1.10_lossyear_50S_060W.tif
       /spatial_data/Derived_Datasets/RASTER/GFC/2022_V1.10/lossyear_over30_ll/Hansen_GFC-2022-v1.10_lossyear_50S_070E.tif
       /spatial_data/Derived_Datasets/RASTER/GFC/2022_V1.10/lossyear_over30_ll/Hansen_GFC-2022-v1.10_lossyear_50S_070W.tif
       /spatial_data/Derived_Datasets/RASTER/GFC/2022_V1.10/lossyear_over30_ll/Hansen_GFC-2022-v1.10_lossyear_50S_080E.tif
       /spatial_data/Derived_Datasets/RASTER/GFC/2022_V1.10/lossyear_over30_ll/Hansen_GFC-2022-v1.10_lossyear_50S_080W.tif
       /spatial_data/Derived_Datasets/RASTER/GFC/2022_V1.10/lossyear_over30_ll/Hansen_GFC-2022-v1.10_lossyear_50S_090E.tif
       /spatial_data/Derived_Datasets/RASTER/GFC/2022_V1.10/lossyear_over30_ll/Hansen_GFC-2022-v1.10_lossyear_50S_090W.tif
       /spatial_data/Derived_Datasets/RASTER/GFC/2022_V1.10/lossyear_over30_ll/Hansen_GFC-2022-v1.10_lossyear_50S_100E.tif
       /spatial_data/Derived_Datasets/RASTER/GFC/2022_V1.10/lossyear_over30_ll/Hansen_GFC-2022-v1.10_lossyear_50S_100W.tif
       /spatial_data/Derived_Datasets/RASTER/GFC/2022_V1.10/lossyear_over30_ll/Hansen_GFC-2022-v1.10_lossyear_50S_110E.tif
       /spatial_data/Derived_Datasets/RASTER/GFC/2022_V1.10/lossyear_over30_ll/Hansen_GFC-2022-v1.10_lossyear_50S_110W.tif
       /spatial_data/Derived_Datasets/RASTER/GFC/2022_V1.10/lossyear_over30_ll/Hansen_GFC-2022-v1.10_lossyear_50S_120E.tif
       /spatial_data/Derived_Datasets/RASTER/GFC/2022_V1.10/lossyear_over30_ll/Hansen_GFC-2022-v1.10_lossyear_50S_120W.tif
       /spatial_data/Derived_Datasets/RASTER/GFC/2022_V1.10/lossyear_over30_ll/Hansen_GFC-2022-v1.10_lossyear_50S_130E.tif
       /spatial_data/Derived_Datasets/RASTER/GFC/2022_V1.10/lossyear_over30_ll/Hansen_GFC-2022-v1.10_lossyear_50S_130W.tif
       /spatial_data/Derived_Datasets/RASTER/GFC/2022_V1.10/lossyear_over30_ll/Hansen_GFC-2022-v1.10_lossyear_50S_140E.tif
       /spatial_data/Derived_Datasets/RASTER/GFC/2022_V1.10/lossyear_over30_ll/Hansen_GFC-2022-v1.10_lossyear_50S_140W.tif
       /spatial_data/Derived_Datasets/RASTER/GFC/2022_V1.10/lossyear_over30_ll/Hansen_GFC-2022-v1.10_lossyear_50S_150E.tif
       /spatial_data/Derived_Datasets/RASTER/GFC/2022_V1.10/lossyear_over30_ll/Hansen_GFC-2022-v1.10_lossyear_50S_150W.tif
       /spatial_data/Derived_Datasets/RASTER/GFC/2022_V1.10/lossyear_over30_ll/Hansen_GFC-2022-v1.10_lossyear_50S_160E.tif
       /spatial_data/Derived_Datasets/RASTER/GFC/2022_V1.10/lossyear_over30_ll/Hansen_GFC-2022-v1.10_lossyear_50S_160W.tif
       /spatial_data/Derived_Datasets/RASTER/GFC/2022_V1.10/lossyear_over30_ll/Hansen_GFC-2022-v1.10_lossyear_50S_170E.tif
       /spatial_data/Derived_Datasets/RASTER/GFC/2022_V1.10/lossyear_over30_ll/Hansen_GFC-2022-v1.10_lossyear_50S_170W.tif
       /spatial_data/Derived_Datasets/RASTER/GFC/2022_V1.10/lossyear_over30_ll/Hansen_GFC-2022-v1.10_lossyear_50S_180W.tif
       /spatial_data/Derived_Datasets/RASTER/GFC/2022_V1.10/lossyear_over30_ll/Hansen_GFC-2022-v1.10_lossyear_60N_000E.tif
       /spatial_data/Derived_Datasets/RASTER/GFC/2022_V1.10/lossyear_over30_ll/Hansen_GFC-2022-v1.10_lossyear_60N_010E.tif
       /spatial_data/Derived_Datasets/RASTER/GFC/2022_V1.10/lossyear_over30_ll/Hansen_GFC-2022-v1.10_lossyear_60N_010W.tif
       /spatial_data/Derived_Datasets/RASTER/GFC/2022_V1.10/lossyear_over30_ll/Hansen_GFC-2022-v1.10_lossyear_60N_020E.tif
       /spatial_data/Derived_Datasets/RASTER/GFC/2022_V1.10/lossyear_over30_ll/Hansen_GFC-2022-v1.10_lossyear_60N_020W.tif
       /spatial_data/Derived_Datasets/RASTER/GFC/2022_V1.10/lossyear_over30_ll/Hansen_GFC-2022-v1.10_lossyear_60N_030E.tif
       /spatial_data/Derived_Datasets/RASTER/GFC/2022_V1.10/lossyear_over30_ll/Hansen_GFC-2022-v1.10_lossyear_60N_030W.tif
       /spatial_data/Derived_Datasets/RASTER/GFC/2022_V1.10/lossyear_over30_ll/Hansen_GFC-2022-v1.10_lossyear_60N_040E.tif
       /spatial_data/Derived_Datasets/RASTER/GFC/2022_V1.10/lossyear_over30_ll/Hansen_GFC-2022-v1.10_lossyear_60N_040W.tif
       /spatial_data/Derived_Datasets/RASTER/GFC/2022_V1.10/lossyear_over30_ll/Hansen_GFC-2022-v1.10_lossyear_60N_050E.tif
       /spatial_data/Derived_Datasets/RASTER/GFC/2022_V1.10/lossyear_over30_ll/Hansen_GFC-2022-v1.10_lossyear_60N_050W.tif
       /spatial_data/Derived_Datasets/RASTER/GFC/2022_V1.10/lossyear_over30_ll/Hansen_GFC-2022-v1.10_lossyear_60N_060E.tif
       /spatial_data/Derived_Datasets/RASTER/GFC/2022_V1.10/lossyear_over30_ll/Hansen_GFC-2022-v1.10_lossyear_60N_060W.tif
       /spatial_data/Derived_Datasets/RASTER/GFC/2022_V1.10/lossyear_over30_ll/Hansen_GFC-2022-v1.10_lossyear_60N_070E.tif
       /spatial_data/Derived_Datasets/RASTER/GFC/2022_V1.10/lossyear_over30_ll/Hansen_GFC-2022-v1.10_lossyear_60N_070W.tif
       /spatial_data/Derived_Datasets/RASTER/GFC/2022_V1.10/lossyear_over30_ll/Hansen_GFC-2022-v1.10_lossyear_60N_080E.tif
       /spatial_data/Derived_Datasets/RASTER/GFC/2022_V1.10/lossyear_over30_ll/Hansen_GFC-2022-v1.10_lossyear_60N_080W.tif
       /spatial_data/Derived_Datasets/RASTER/GFC/2022_V1.10/lossyear_over30_ll/Hansen_GFC-2022-v1.10_lossyear_60N_090E.tif
       /spatial_data/Derived_Datasets/RASTER/GFC/2022_V1.10/lossyear_over30_ll/Hansen_GFC-2022-v1.10_lossyear_60N_090W.tif
       /spatial_data/Derived_Datasets/RASTER/GFC/2022_V1.10/lossyear_over30_ll/Hansen_GFC-2022-v1.10_lossyear_60N_100E.tif
       /spatial_data/Derived_Datasets/RASTER/GFC/2022_V1.10/lossyear_over30_ll/Hansen_GFC-2022-v1.10_lossyear_60N_100W.tif
       /spatial_data/Derived_Datasets/RASTER/GFC/2022_V1.10/lossyear_over30_ll/Hansen_GFC-2022-v1.10_lossyear_60N_110E.tif
       /spatial_data/Derived_Datasets/RASTER/GFC/2022_V1.10/lossyear_over30_ll/Hansen_GFC-2022-v1.10_lossyear_60N_110W.tif
       /spatial_data/Derived_Datasets/RASTER/GFC/2022_V1.10/lossyear_over30_ll/Hansen_GFC-2022-v1.10_lossyear_60N_120E.tif
       /spatial_data/Derived_Datasets/RASTER/GFC/2022_V1.10/lossyear_over30_ll/Hansen_GFC-2022-v1.10_lossyear_60N_120W.tif
       /spatial_data/Derived_Datasets/RASTER/GFC/2022_V1.10/lossyear_over30_ll/Hansen_GFC-2022-v1.10_lossyear_60N_130E.tif
       /spatial_data/Derived_Datasets/RASTER/GFC/2022_V1.10/lossyear_over30_ll/Hansen_GFC-2022-v1.10_lossyear_60N_130W.tif
       /spatial_data/Derived_Datasets/RASTER/GFC/2022_V1.10/lossyear_over30_ll/Hansen_GFC-2022-v1.10_lossyear_60N_140E.tif
       /spatial_data/Derived_Datasets/RASTER/GFC/2022_V1.10/lossyear_over30_ll/Hansen_GFC-2022-v1.10_lossyear_60N_140W.tif
       /spatial_data/Derived_Datasets/RASTER/GFC/2022_V1.10/lossyear_over30_ll/Hansen_GFC-2022-v1.10_lossyear_60N_150E.tif
       /spatial_data/Derived_Datasets/RASTER/GFC/2022_V1.10/lossyear_over30_ll/Hansen_GFC-2022-v1.10_lossyear_60N_150W.tif
       /spatial_data/Derived_Datasets/RASTER/GFC/2022_V1.10/lossyear_over30_ll/Hansen_GFC-2022-v1.10_lossyear_60N_160E.tif
       /spatial_data/Derived_Datasets/RASTER/GFC/2022_V1.10/lossyear_over30_ll/Hansen_GFC-2022-v1.10_lossyear_60N_160W.tif
       /spatial_data/Derived_Datasets/RASTER/GFC/2022_V1.10/lossyear_over30_ll/Hansen_GFC-2022-v1.10_lossyear_60N_170E.tif
       /spatial_data/Derived_Datasets/RASTER/GFC/2022_V1.10/lossyear_over30_ll/Hansen_GFC-2022-v1.10_lossyear_60N_170W.tif
       /spatial_data/Derived_Datasets/RASTER/GFC/2022_V1.10/lossyear_over30_ll/Hansen_GFC-2022-v1.10_lossyear_60N_180W.tif
       /spatial_data/Derived_Datasets/RASTER/GFC/2022_V1.10/lossyear_over30_ll/Hansen_GFC-2022-v1.10_lossyear_70N_000E.tif
       /spatial_data/Derived_Datasets/RASTER/GFC/2022_V1.10/lossyear_over30_ll/Hansen_GFC-2022-v1.10_lossyear_70N_010E.tif
       /spatial_data/Derived_Datasets/RASTER/GFC/2022_V1.10/lossyear_over30_ll/Hansen_GFC-2022-v1.10_lossyear_70N_010W.tif
       /spatial_data/Derived_Datasets/RASTER/GFC/2022_V1.10/lossyear_over30_ll/Hansen_GFC-2022-v1.10_lossyear_70N_020E.tif
       /spatial_data/Derived_Datasets/RASTER/GFC/2022_V1.10/lossyear_over30_ll/Hansen_GFC-2022-v1.10_lossyear_70N_020W.tif
       /spatial_data/Derived_Datasets/RASTER/GFC/2022_V1.10/lossyear_over30_ll/Hansen_GFC-2022-v1.10_lossyear_70N_030E.tif
       /spatial_data/Derived_Datasets/RASTER/GFC/2022_V1.10/lossyear_over30_ll/Hansen_GFC-2022-v1.10_lossyear_70N_030W.tif
       /spatial_data/Derived_Datasets/RASTER/GFC/2022_V1.10/lossyear_over30_ll/Hansen_GFC-2022-v1.10_lossyear_70N_040E.tif
       /spatial_data/Derived_Datasets/RASTER/GFC/2022_V1.10/lossyear_over30_ll/Hansen_GFC-2022-v1.10_lossyear_70N_040W.tif
       /spatial_data/Derived_Datasets/RASTER/GFC/2022_V1.10/lossyear_over30_ll/Hansen_GFC-2022-v1.10_lossyear_70N_050E.tif
       /spatial_data/Derived_Datasets/RASTER/GFC/2022_V1.10/lossyear_over30_ll/Hansen_GFC-2022-v1.10_lossyear_70N_050W.tif
       /spatial_data/Derived_Datasets/RASTER/GFC/2022_V1.10/lossyear_over30_ll/Hansen_GFC-2022-v1.10_lossyear_70N_060E.tif
       /spatial_data/Derived_Datasets/RASTER/GFC/2022_V1.10/lossyear_over30_ll/Hansen_GFC-2022-v1.10_lossyear_70N_060W.tif
       /spatial_data/Derived_Datasets/RASTER/GFC/2022_V1.10/lossyear_over30_ll/Hansen_GFC-2022-v1.10_lossyear_70N_070E.tif
       /spatial_data/Derived_Datasets/RASTER/GFC/2022_V1.10/lossyear_over30_ll/Hansen_GFC-2022-v1.10_lossyear_70N_070W.tif
       /spatial_data/Derived_Datasets/RASTER/GFC/2022_V1.10/lossyear_over30_ll/Hansen_GFC-2022-v1.10_lossyear_70N_080E.tif
       /spatial_data/Derived_Datasets/RASTER/GFC/2022_V1.10/lossyear_over30_ll/Hansen_GFC-2022-v1.10_lossyear_70N_080W.tif
       /spatial_data/Derived_Datasets/RASTER/GFC/2022_V1.10/lossyear_over30_ll/Hansen_GFC-2022-v1.10_lossyear_70N_090E.tif
       /spatial_data/Derived_Datasets/RASTER/GFC/2022_V1.10/lossyear_over30_ll/Hansen_GFC-2022-v1.10_lossyear_70N_090W.tif
       /spatial_data/Derived_Datasets/RASTER/GFC/2022_V1.10/lossyear_over30_ll/Hansen_GFC-2022-v1.10_lossyear_70N_100E.tif
       /spatial_data/Derived_Datasets/RASTER/GFC/2022_V1.10/lossyear_over30_ll/Hansen_GFC-2022-v1.10_lossyear_70N_100W.tif
       /spatial_data/Derived_Datasets/RASTER/GFC/2022_V1.10/lossyear_over30_ll/Hansen_GFC-2022-v1.10_lossyear_70N_110E.tif
       /spatial_data/Derived_Datasets/RASTER/GFC/2022_V1.10/lossyear_over30_ll/Hansen_GFC-2022-v1.10_lossyear_70N_110W.tif
       /spatial_data/Derived_Datasets/RASTER/GFC/2022_V1.10/lossyear_over30_ll/Hansen_GFC-2022-v1.10_lossyear_70N_120E.tif
       /spatial_data/Derived_Datasets/RASTER/GFC/2022_V1.10/lossyear_over30_ll/Hansen_GFC-2022-v1.10_lossyear_70N_120W.tif
       /spatial_data/Derived_Datasets/RASTER/GFC/2022_V1.10/lossyear_over30_ll/Hansen_GFC-2022-v1.10_lossyear_70N_130E.tif
       /spatial_data/Derived_Datasets/RASTER/GFC/2022_V1.10/lossyear_over30_ll/Hansen_GFC-2022-v1.10_lossyear_70N_130W.tif
       /spatial_data/Derived_Datasets/RASTER/GFC/2022_V1.10/lossyear_over30_ll/Hansen_GFC-2022-v1.10_lossyear_70N_140E.tif
       /spatial_data/Derived_Datasets/RASTER/GFC/2022_V1.10/lossyear_over30_ll/Hansen_GFC-2022-v1.10_lossyear_70N_140W.tif
       /spatial_data/Derived_Datasets/RASTER/GFC/2022_V1.10/lossyear_over30_ll/Hansen_GFC-2022-v1.10_lossyear_70N_150E.tif
       /spatial_data/Derived_Datasets/RASTER/GFC/2022_V1.10/lossyear_over30_ll/Hansen_GFC-2022-v1.10_lossyear_70N_150W.tif
       /spatial_data/Derived_Datasets/RASTER/GFC/2022_V1.10/lossyear_over30_ll/Hansen_GFC-2022-v1.10_lossyear_70N_160E.tif
       /spatial_data/Derived_Datasets/RASTER/GFC/2022_V1.10/lossyear_over30_ll/Hansen_GFC-2022-v1.10_lossyear_70N_160W.tif
       /spatial_data/Derived_Datasets/RASTER/GFC/2022_V1.10/lossyear_over30_ll/Hansen_GFC-2022-v1.10_lossyear_70N_170E.tif
       /spatial_data/Derived_Datasets/RASTER/GFC/2022_V1.10/lossyear_over30_ll/Hansen_GFC-2022-v1.10_lossyear_70N_170W.tif
       /spatial_data/Derived_Datasets/RASTER/GFC/2022_V1.10/lossyear_over30_ll/Hansen_GFC-2022-v1.10_lossyear_70N_180W.tif
       /spatial_data/Derived_Datasets/RASTER/GFC/2022_V1.10/lossyear_over30_ll/Hansen_GFC-2022-v1.10_lossyear_80N_000E.tif
       /spatial_data/Derived_Datasets/RASTER/GFC/2022_V1.10/lossyear_over30_ll/Hansen_GFC-2022-v1.10_lossyear_80N_010E.tif
       /spatial_data/Derived_Datasets/RASTER/GFC/2022_V1.10/lossyear_over30_ll/Hansen_GFC-2022-v1.10_lossyear_80N_010W.tif
       /spatial_data/Derived_Datasets/RASTER/GFC/2022_V1.10/lossyear_over30_ll/Hansen_GFC-2022-v1.10_lossyear_80N_020E.tif
       /spatial_data/Derived_Datasets/RASTER/GFC/2022_V1.10/lossyear_over30_ll/Hansen_GFC-2022-v1.10_lossyear_80N_020W.tif
       /spatial_data/Derived_Datasets/RASTER/GFC/2022_V1.10/lossyear_over30_ll/Hansen_GFC-2022-v1.10_lossyear_80N_030E.tif
       /spatial_data/Derived_Datasets/RASTER/GFC/2022_V1.10/lossyear_over30_ll/Hansen_GFC-2022-v1.10_lossyear_80N_030W.tif
       /spatial_data/Derived_Datasets/RASTER/GFC/2022_V1.10/lossyear_over30_ll/Hansen_GFC-2022-v1.10_lossyear_80N_040E.tif
       /spatial_data/Derived_Datasets/RASTER/GFC/2022_V1.10/lossyear_over30_ll/Hansen_GFC-2022-v1.10_lossyear_80N_040W.tif
       /spatial_data/Derived_Datasets/RASTER/GFC/2022_V1.10/lossyear_over30_ll/Hansen_GFC-2022-v1.10_lossyear_80N_050E.tif
       /spatial_data/Derived_Datasets/RASTER/GFC/2022_V1.10/lossyear_over30_ll/Hansen_GFC-2022-v1.10_lossyear_80N_050W.tif
       /spatial_data/Derived_Datasets/RASTER/GFC/2022_V1.10/lossyear_over30_ll/Hansen_GFC-2022-v1.10_lossyear_80N_060E.tif
       /spatial_data/Derived_Datasets/RASTER/GFC/2022_V1.10/lossyear_over30_ll/Hansen_GFC-2022-v1.10_lossyear_80N_060W.tif
       /spatial_data/Derived_Datasets/RASTER/GFC/2022_V1.10/lossyear_over30_ll/Hansen_GFC-2022-v1.10_lossyear_80N_070E.tif
       /spatial_data/Derived_Datasets/RASTER/GFC/2022_V1.10/lossyear_over30_ll/Hansen_GFC-2022-v1.10_lossyear_80N_070W.tif
       /spatial_data/Derived_Datasets/RASTER/GFC/2022_V1.10/lossyear_over30_ll/Hansen_GFC-2022-v1.10_lossyear_80N_080E.tif
       /spatial_data/Derived_Datasets/RASTER/GFC/2022_V1.10/lossyear_over30_ll/Hansen_GFC-2022-v1.10_lossyear_80N_080W.tif
       /spatial_data/Derived_Datasets/RASTER/GFC/2022_V1.10/lossyear_over30_ll/Hansen_GFC-2022-v1.10_lossyear_80N_090E.tif
       /spatial_data/Derived_Datasets/RASTER/GFC/2022_V1.10/lossyear_over30_ll/Hansen_GFC-2022-v1.10_lossyear_80N_090W.tif
       /spatial_data/Derived_Datasets/RASTER/GFC/2022_V1.10/lossyear_over30_ll/Hansen_GFC-2022-v1.10_lossyear_80N_100E.tif
       /spatial_data/Derived_Datasets/RASTER/GFC/2022_V1.10/lossyear_over30_ll/Hansen_GFC-2022-v1.10_lossyear_80N_100W.tif
       /spatial_data/Derived_Datasets/RASTER/GFC/2022_V1.10/lossyear_over30_ll/Hansen_GFC-2022-v1.10_lossyear_80N_110E.tif
       /spatial_data/Derived_Datasets/RASTER/GFC/2022_V1.10/lossyear_over30_ll/Hansen_GFC-2022-v1.10_lossyear_80N_110W.tif
       /spatial_data/Derived_Datasets/RASTER/GFC/2022_V1.10/lossyear_over30_ll/Hansen_GFC-2022-v1.10_lossyear_80N_120E.tif
       /spatial_data/Derived_Datasets/RASTER/GFC/2022_V1.10/lossyear_over30_ll/Hansen_GFC-2022-v1.10_lossyear_80N_120W.tif
       /spatial_data/Derived_Datasets/RASTER/GFC/2022_V1.10/lossyear_over30_ll/Hansen_GFC-2022-v1.10_lossyear_80N_130E.tif
       /spatial_data/Derived_Datasets/RASTER/GFC/2022_V1.10/lossyear_over30_ll/Hansen_GFC-2022-v1.10_lossyear_80N_130W.tif
       /spatial_data/Derived_Datasets/RASTER/GFC/2022_V1.10/lossyear_over30_ll/Hansen_GFC-2022-v1.10_lossyear_80N_140E.tif
       /spatial_data/Derived_Datasets/RASTER/GFC/2022_V1.10/lossyear_over30_ll/Hansen_GFC-2022-v1.10_lossyear_80N_140W.tif
       /spatial_data/Derived_Datasets/RASTER/GFC/2022_V1.10/lossyear_over30_ll/Hansen_GFC-2022-v1.10_lossyear_80N_150E.tif
       /spatial_data/Derived_Datasets/RASTER/GFC/2022_V1.10/lossyear_over30_ll/Hansen_GFC-2022-v1.10_lossyear_80N_150W.tif
       /spatial_data/Derived_Datasets/RASTER/GFC/2022_V1.10/lossyear_over30_ll/Hansen_GFC-2022-v1.10_lossyear_80N_160E.tif
       /spatial_data/Derived_Datasets/RASTER/GFC/2022_V1.10/lossyear_over30_ll/Hansen_GFC-2022-v1.10_lossyear_80N_160W.tif
       /spatial_data/Derived_Datasets/RASTER/GFC/2022_V1.10/lossyear_over30_ll/Hansen_GFC-2022-v1.10_lossyear_80N_170E.tif
       /spatial_data/Derived_Datasets/RASTER/GFC/2022_V1.10/lossyear_over30_ll/Hansen_GFC-2022-v1.10_lossyear_80N_170W.tif
       /spatial_data/Derived_Datasets/RASTER/GFC/2022_V1.10/lossyear_over30_ll/Hansen_GFC-2022-v1.10_lossyear_80N_180W.tif
Size is 1440000, 560000
Coordinate System is:
GEOGCRS["WGS 84",
    DATUM["World Geodetic System 1984",
        ELLIPSOID["WGS 84",6378137,298.257223563,
            LENGTHUNIT["metre",1]]],
    PRIMEM["Greenwich",0,
        ANGLEUNIT["degree",0.0174532925199433]],
    CS[ellipsoidal,2],
        AXIS["geodetic latitude (Lat)",north,
            ORDER[1],
            ANGLEUNIT["degree",0.0174532925199433]],
        AXIS["geodetic longitude (Lon)",east,
            ORDER[2],
            ANGLEUNIT["degree",0.0174532925199433]],
    ID["EPSG",4326]]
Data axis to CRS axis mapping: 2,1
Origin = (-180.000000000000000,80.000000000000000)
Pixel Size = (0.000250000000000,-0.000250000000000)
Corner Coordinates:
Upper Left  (-180.0000000,  80.0000000) (180d 0' 0.00"W, 80d 0' 0.00"N)
Lower Left  (-180.0000000, -60.0000000) (180d 0' 0.00"W, 60d 0' 0.00"S)
Upper Right ( 180.0000000,  80.0000000) (180d 0' 0.00"E, 80d 0' 0.00"N)
Lower Right ( 180.0000000, -60.0000000) (180d 0' 0.00"E, 60d 0' 0.00"S)
Center      (   0.0000000,  10.0000000) (  0d 0' 0.00"E, 10d 0' 0.00"N)
Band 1 Block=128x128 Type=Byte, ColorInterp=Gray
  Minimum=0.000, Maximum=22.000, Mean=0.136, StdDev=1.449
  NoData Value=255
  Metadata:
    STATISTICS_APPROXIMATE=YES
    STATISTICS_MAXIMUM=22
    STATISTICS_MEAN=0.13563431708425
    STATISTICS_MINIMUM=0
    STATISTICS_STDDEV=1.4492845036352
    STATISTICS_VALID_PERCENT=100
GFC stats computed on vrt
----------------------------------------------------------------
Global Forest Change tiles processed in 15 minutes
----------------------------------------------------------------
