-----------------------------------------------------------------------------------
--- Script make_ecoregions_eidgrid_tiles.sh started at Thu Aug 27 09:23:38 AM CEST 2026
-----------------------------------------------------------------------------------
Ecoregion tile 1 done
Ecoregion tile 2 done
Ecoregion tile 3 done
Ecoregion tile 4 done
Ecoregion tile 5 done
Ecoregion tile 6 done
Ecoregion tile 7 done
Ecoregion tile 8 done
Ecoregion tile 9 done
Ecoregion tile 10 done
Ecoregion tile 11 done
Ecoregion tile 12 done
Ecoregion tile 13 done
Ecoregion tile 14 done
Ecoregion tile 15 done
Ecoregion tile 16 done
Ecoregion tile 17 done
Ecoregion tile 18 done
Ecoregion tile 19 done
Ecoregion tile 20 done
Ecoregion tile 21 done
Ecoregion tile 22 done
Ecoregion tile 23 done
Ecoregion tile 24 done
Ecoregion tile 25 done
Ecoregion tile 26 done
Ecoregion tile 27 done
Ecoregion tile 28 done
Ecoregion tile 29 done
Ecoregion tile 30 done
Ecoregion tile 31 done
Ecoregion tile 32 done
Ecoregion tile 33 done
Ecoregion tile 34 done
Ecoregion tile 35 done
Ecoregion tile 36 done
Ecoregion tile 37 done
Ecoregion tile 38 done
Ecoregion tile 39 done
Ecoregion tile 40 done
Ecoregion tile 41 done
Ecoregion tile 42 done
Ecoregion tile 43 done
Ecoregion tile 44 done
Ecoregion tile 45 done
Ecoregion tile 46 done
Ecoregion tile 47 done
Ecoregion tile 48 done
Ecoregion tile 49 done
Ecoregion tile 50 done
Ecoregion tile 51 done
Ecoregion tile 52 done
Ecoregion tile 53 done
Ecoregion tile 54 done
Ecoregion tile 55 done
Ecoregion tile 56 done
Ecoregion tile 57 done
Ecoregion tile 58 done
Ecoregion tile 59 done
Ecoregion tile 60 done
Ecoregion tile 61 done
Ecoregion tile 62 done
Ecoregion tile 63 done
Ecoregion tile 64 done
Ecoregion tile 65 done
Ecoregion tile 66 done
Ecoregion tile 67 done
Ecoregion tile 68 done
Ecoregion tile 69 done
Ecoregion tile 70 done
Ecoregion tile 71 done
Ecoregion tile 72 done
Ecoregion tile 73 done
Ecoregion tile 74 done
Ecoregion tile 75 done
Ecoregion tile 76 done
Ecoregion tile 77 done
Ecoregion tile 78 done
Ecoregion tile 79 done
Ecoregion tile 80 done
Ecoregion tile 81 done
Ecoregion tile 82 done
Ecoregion tile 83 done
Ecoregion tile 84 done
Ecoregion tile 85 done
Ecoregion tile 86 done
Ecoregion tile 87 done
Ecoregion tile 88 done
Ecoregion tile 89 done
Ecoregion tile 90 done
Ecoregion tile 91 done
Ecoregion tile 92 done
Ecoregion tile 93 done
Ecoregion tile 94 done
Ecoregion tile 95 done
Ecoregion tile 96 done
Ecoregion tile 97 done
Ecoregion tile 98 done
Ecoregion tile 99 done
Ecoregion tile 100 done
Ecoregion tile 101 done
Ecoregion tile 102 done
Ecoregion tile 103 done
Ecoregion tile 104 done
Ecoregion tile 105 done
Ecoregion tile 106 done
Ecoregion tile 107 done
Ecoregion tile 108 done
Ecoregion tile 109 done
Ecoregion tile 110 done
Ecoregion tile 111 done
Ecoregion tile 112 done
Ecoregion tile 113 done
Ecoregion tile 114 done
Ecoregion tile 115 done
Ecoregion tile 116 done
Ecoregion tile 117 done
Ecoregion tile 118 done
Ecoregion tile 119 done
Ecoregion tile 120 done
Ecoregion tile 121 done
Ecoregion tile 122 done
Ecoregion tile 123 done
Ecoregion tile 124 done
Ecoregion tile 125 done
Ecoregion tile 126 done
Ecoregion tile 127 done
Ecoregion tile 128 done
Ecoregion tile 129 done
Ecoregion tile 130 done
Ecoregion tile 131 done
Ecoregion tile 132 done
Ecoregion tile 133 done
Ecoregion tile 134 done
Ecoregion tile 135 done
Ecoregion tile 136 done
Ecoregion tile 137 done
Ecoregion tile 138 done
Ecoregion tile 139 done
Ecoregion tile 140 done
Ecoregion tile 141 done
Ecoregion tile 142 done
Ecoregion tile 143 done
Ecoregion tile 144 done
Ecoregion tile 145 done
Ecoregion tile 146 done
Ecoregion tile 147 done
Ecoregion tile 148 done
Ecoregion tile 149 done
Ecoregion tile 150 done
Ecoregion tile 151 done
Ecoregion tile 152 done
Ecoregion tile 153 done
Ecoregion tile 154 done
Ecoregion tile 155 done
Ecoregion tile 156 done
Ecoregion tile 157 done
Ecoregion tile 158 done
Ecoregion tile 159 done
Ecoregion tile 160 done
Ecoregion tile 161 done
Ecoregion tile 162 done
Ecoregion tile 163 done
Ecoregion tile 164 done
Ecoregion tile 165 done
Ecoregion tile 166 done
Ecoregion tile 167 done
Ecoregion tile 168 done
Ecoregion tile 169 done
Ecoregion tile 170 done
Ecoregion tile 171 done
Ecoregion tile 172 done
Ecoregion tile 173 done
Ecoregion tile 174 done
Ecoregion tile 175 done
Ecoregion tile 176 done
Ecoregion tile 177 done
Ecoregion tile 178 done
Ecoregion tile 179 done
Ecoregion tile 180 done
Ecoregion tile 181 done
Ecoregion tile 182 done
Ecoregion tile 183 done
Ecoregion tile 184 done
Ecoregion tile 185 done
Ecoregion tile 186 done
Ecoregion tile 187 done
Ecoregion tile 188 done
Ecoregion tile 189 done
Ecoregion tile 190 done
Ecoregion tile 191 done
Ecoregion tile 192 done
Ecoregion tile 193 done
Ecoregion tile 194 done
Ecoregion tile 195 done
Ecoregion tile 196 done
Ecoregion tile 197 done
Ecoregion tile 198 done
Ecoregion tile 199 done
Ecoregion tile 200 done
Ecoregion tile 201 done
Ecoregion tile 202 done
Ecoregion tile 203 done
Ecoregion tile 204 done
Ecoregion tile 205 done
Ecoregion tile 206 done
Ecoregion tile 207 done
Ecoregion tile 208 done
Ecoregion tile 209 done
Ecoregion tile 210 done
Ecoregion tile 211 done
Ecoregion tile 212 done
Ecoregion tile 213 done
Ecoregion tile 214 done
Ecoregion tile 215 done
Ecoregion tile 216 done
Ecoregion tile 217 done
Ecoregion tile 218 done
Ecoregion tile 219 done
Ecoregion tile 220 done
Ecoregion tile 221 done
Ecoregion tile 222 done
Ecoregion tile 223 done
Ecoregion tile 224 done
Ecoregion tile 225 done
Ecoregion tile 226 done
Ecoregion tile 227 done
Ecoregion tile 228 done
Ecoregion tile 229 done
Ecoregion tile 230 done
Ecoregion tile 231 done
Ecoregion tile 232 done
Ecoregion tile 233 done
Ecoregion tile 234 done
Ecoregion tile 235 done
Ecoregion tile 236 done
Ecoregion tile 237 done
Ecoregion tile 238 done
Ecoregion tile 239 done
Ecoregion tile 240 done
Ecoregion tile 241 done
Ecoregion tile 242 done
Ecoregion tile 243 done
Ecoregion tile 244 done
Ecoregion tile 245 done
Ecoregion tile 246 done
Ecoregion tile 247 done
Ecoregion tile 248 done
Ecoregion tile 249 done
Ecoregion tile 250 done
Ecoregion tile 251 done
Ecoregion tile 252 done
Ecoregion tile 253 done
Ecoregion tile 254 done
Ecoregion tile 255 done
Ecoregion tile 256 done
Ecoregion tile 257 done
Ecoregion tile 258 done
Ecoregion tile 259 done
Ecoregion tile 260 done
Ecoregion tile 261 done
Ecoregion tile 262 done
Ecoregion tile 263 done
Ecoregion tile 264 done
Ecoregion tile 265 done
Ecoregion tile 266 done
Ecoregion tile 267 done
Ecoregion tile 268 done
Ecoregion tile 269 done
Ecoregion tile 270 done
Ecoregion tile 271 done
Ecoregion tile 272 done
Ecoregion tile 273 done
Ecoregion tile 274 done
Ecoregion tile 275 done
Ecoregion tile 276 done
Ecoregion tile 277 done
Ecoregion tile 278 done
Ecoregion tile 279 done
Ecoregion tile 280 done
Ecoregion tile 281 done
Ecoregion tile 282 done
Ecoregion tile 283 done
Ecoregion tile 284 done
Ecoregion tile 285 done
Ecoregion tile 286 done
Ecoregion tile 287 done
Ecoregion tile 288 done
Ecoregion tile 289 done
Ecoregion tile 290 done
Ecoregion tile 291 done
Ecoregion tile 292 done
Ecoregion tile 293 done
Ecoregion tile 294 done
Ecoregion tile 295 done
Ecoregion tile 296 done
Ecoregion tile 297 done
Ecoregion tile 298 done
Ecoregion tile 299 done
Ecoregion tile 300 done
Ecoregion tile 301 done
Ecoregion tile 302 done
Ecoregion tile 303 done
Ecoregion tile 304 done
Ecoregion tile 305 done
Ecoregion tile 306 done
Ecoregion tile 307 done
Ecoregion tile 308 done
Ecoregion tile 309 done
Ecoregion tile 310 done
Ecoregion tile 311 done
Ecoregion tile 312 done
Ecoregion tile 313 done
Ecoregion tile 314 done
Ecoregion tile 315 done
Ecoregion tile 316 done
Ecoregion tile 317 done
Ecoregion tile 318 done
Ecoregion tile 319 done
Ecoregion tile 320 done
Ecoregion tile 321 done
Ecoregion tile 322 done
Ecoregion tile 323 done
Ecoregion tile 324 done
Ecoregion tile 325 done
Ecoregion tile 326 done
Ecoregion tile 327 done
Ecoregion tile 328 done
Ecoregion tile 329 done
Ecoregion tile 330 done
Ecoregion tile 331 done
Ecoregion tile 332 done
Ecoregion tile 333 done
Ecoregion tile 334 done
Ecoregion tile 335 done
Ecoregion tile 336 done
Ecoregion tile 337 done
Ecoregion tile 338 done
Ecoregion tile 339 done
Ecoregion tile 340 done
Ecoregion tile 341 done
Ecoregion tile 342 done
Ecoregion tile 343 done
Ecoregion tile 344 done
Ecoregion tile 345 done
Ecoregion tile 346 done
Ecoregion tile 347 done
Ecoregion tile 348 done
Ecoregion tile 349 done
Ecoregion tile 350 done
Ecoregion tile 351 done
Ecoregion tile 352 done
Ecoregion tile 353 done
Ecoregion tile 354 done
Ecoregion tile 355 done
Ecoregion tile 356 done
Ecoregion tile 357 done
Ecoregion tile 358 done
Ecoregion tile 359 done
Ecoregion tile 360 done
Ecoregion tile 361 done
Ecoregion tile 362 done
Ecoregion tile 363 done
Ecoregion tile 364 done
Ecoregion tile 365 done
Ecoregion tile 366 done
Ecoregion tile 367 done
Ecoregion tile 368 done
Ecoregion tile 369 done
Ecoregion tile 370 done
Ecoregion tile 371 done
Ecoregion tile 372 done
Ecoregion tile 373 done
Ecoregion tile 374 done
Ecoregion tile 375 done
Ecoregion tile 376 done
Ecoregion tile 377 done
Ecoregion tile 378 done
Ecoregion tile 379 done
Ecoregion tile 380 done
Ecoregion tile 381 done
Ecoregion tile 382 done
Ecoregion tile 383 done
Ecoregion tile 384 done
Ecoregion tile 385 done
Ecoregion tile 386 done
Ecoregion tile 387 done
Ecoregion tile 388 done
Ecoregion tile 389 done
Ecoregion tile 390 done
Ecoregion tile 391 done
Ecoregion tile 392 done
Ecoregion tile 393 done
Ecoregion tile 394 done
Ecoregion tile 395 done
Ecoregion tile 396 done
Ecoregion tile 397 done
Ecoregion tile 398 done
Ecoregion tile 399 done
Ecoregion tile 400 done
Ecoregion tile 401 done
Ecoregion tile 402 done
Ecoregion tile 403 done
Ecoregion tile 404 done
Ecoregion tile 405 done
Ecoregion tile 406 done
Ecoregion tile 407 done
Ecoregion tile 408 done
Ecoregion tile 409 done
Ecoregion tile 410 done
Ecoregion tile 411 done
Ecoregion tile 412 done
Ecoregion tile 413 done
Ecoregion tile 414 done
Ecoregion tile 415 done
Ecoregion tile 416 done
Ecoregion tile 417 done
Ecoregion tile 418 done
Ecoregion tile 419 done
Ecoregion tile 420 done
Ecoregion tile 421 done
Ecoregion tile 422 done
Ecoregion tile 423 done
Ecoregion tile 424 done
Ecoregion tile 425 done
Ecoregion tile 426 done
Ecoregion tile 427 done
Ecoregion tile 428 done
Ecoregion tile 429 done
Ecoregion tile 430 done
Ecoregion tile 431 done
Ecoregion tile 432 done
Ecoregion tile 433 done
Ecoregion tile 434 done
Ecoregion tile 435 done
Ecoregion tile 436 done
Ecoregion tile 437 done
Ecoregion tile 438 done
Ecoregion tile 439 done
Ecoregion tile 440 done
Ecoregion tile 441 done
Ecoregion tile 442 done
Ecoregion tile 443 done
Ecoregion tile 444 done
Ecoregion tile 445 done
Ecoregion tile 446 done
Ecoregion tile 447 done
Ecoregion tile 448 done
Ecoregion tile 449 done
Ecoregion tile 450 done
Ecoregion tile 451 done
Ecoregion tile 452 done
Ecoregion tile 453 done
Ecoregion tile 454 done
Ecoregion tile 455 done
Ecoregion tile 456 done
Ecoregion tile 457 done
Ecoregion tile 458 done
Ecoregion tile 459 done
Ecoregion tile 460 done
Ecoregion tile 461 done
Ecoregion tile 462 done
Ecoregion tile 463 done
Ecoregion tile 464 done
Ecoregion tile 465 done
Ecoregion tile 466 done
Ecoregion tile 467 done
Ecoregion tile 468 done
Ecoregion tile 469 done
Ecoregion tile 470 done
Ecoregion tile 471 done
Ecoregion tile 472 done
Ecoregion tile 473 done
Ecoregion tile 474 done
Ecoregion tile 475 done
Ecoregion tile 476 done
Ecoregion tile 477 done
Ecoregion tile 478 done
Ecoregion tile 479 done
Ecoregion tile 480 done
Ecoregion tile 481 done
Ecoregion tile 482 done
Ecoregion tile 483 done
Ecoregion tile 484 done
Ecoregion tile 485 done
Ecoregion tile 486 done
Ecoregion tile 487 done
Ecoregion tile 488 done
Ecoregion tile 489 done
Ecoregion tile 490 done
Ecoregion tile 491 done
Ecoregion tile 492 done
Ecoregion tile 493 done
Ecoregion tile 494 done
Ecoregion tile 495 done
Ecoregion tile 496 done
Ecoregion tile 497 done
Ecoregion tile 498 done
Ecoregion tile 499 done
Ecoregion tile 500 done
Ecoregion tile 501 done
Ecoregion tile 502 done
Ecoregion tile 503 done
Ecoregion tile 504 done
Ecoregion tile 505 done
Ecoregion tile 506 done
Ecoregion tile 507 done
Ecoregion tile 508 done
Ecoregion tile 509 done
Ecoregion tile 510 done
Ecoregion tile 511 done
Ecoregion tile 512 done
Ecoregion tile 513 done
Ecoregion tile 514 done
Ecoregion tile 515 done
Ecoregion tile 516 done
Ecoregion tile 517 done
Ecoregion tile 518 done
Ecoregion tile 519 done
Ecoregion tile 520 done
Ecoregion tile 521 done
Ecoregion tile 522 done
Ecoregion tile 523 done
Ecoregion tile 524 done
Ecoregion tile 525 done
Ecoregion tile 526 done
Ecoregion tile 527 done
Ecoregion tile 528 done
Ecoregion tile 529 done
Ecoregion tile 530 done
Ecoregion tile 531 done
Ecoregion tile 532 done
Ecoregion tile 533 done
Ecoregion tile 534 done
Ecoregion tile 535 done
Ecoregion tile 536 done
Ecoregion tile 537 done
Ecoregion tile 538 done
Ecoregion tile 539 done
Ecoregion tile 540 done
Ecoregion tile 541 done
Ecoregion tile 542 done
Ecoregion tile 543 done
Ecoregion tile 544 done
Ecoregion tile 545 done
Ecoregion tile 546 done
Ecoregion tile 547 done
Ecoregion tile 548 done
Ecoregion tile 549 done
Ecoregion tile 550 done
Ecoregion tile 551 done
Ecoregion tile 552 done
Ecoregion tile 553 done
Ecoregion tile 554 done
Ecoregion tile 555 done
Ecoregion tile 556 done
Ecoregion tile 557 done
Ecoregion tile 558 done
Ecoregion tile 559 done
Ecoregion tile 560 done
Ecoregion tile 561 done
Ecoregion tile 562 done
Ecoregion tile 563 done
Ecoregion tile 564 done
Ecoregion tile 565 done
Ecoregion tile 566 done
Ecoregion tile 567 done
Ecoregion tile 568 done
Ecoregion tile 569 done
Ecoregion tile 570 done
Ecoregion tile 571 done
Ecoregion tile 572 done
Ecoregion tile 573 done
Ecoregion tile 574 done
Ecoregion tile 575 done
Ecoregion tile 576 done
Ecoregion tile 577 done
Ecoregion tile 578 done
Ecoregion tile 579 done
Ecoregion tile 580 done
Ecoregion tile 581 done
Ecoregion tile 582 done
Ecoregion tile 583 done
Ecoregion tile 584 done
Ecoregion tile 585 done
Ecoregion tile 586 done
Ecoregion tile 587 done
Ecoregion tile 588 done
Ecoregion tile 589 done
Ecoregion tile 590 done
Ecoregion tile 591 done
Ecoregion tile 592 done
Ecoregion tile 593 done
Ecoregion tile 594 done
Ecoregion tile 595 done
Ecoregion tile 596 done
Ecoregion tile 597 done
Ecoregion tile 598 done
Ecoregion tile 599 done
Ecoregion tile 600 done
Ecoregion tile 601 done
Ecoregion tile 602 done
Ecoregion tile 603 done
Ecoregion tile 604 done
Ecoregion tile 605 done
Ecoregion tile 606 done
Ecoregion tile 607 done
Ecoregion tile 608 done
Ecoregion tile 609 done
Ecoregion tile 610 done
Ecoregion tile 611 done
Ecoregion tile 612 done
Ecoregion tile 613 done
Ecoregion tile 614 done
Ecoregion tile 615 done
Ecoregion tile 616 done
Ecoregion tile 617 done
Ecoregion tile 618 done
Ecoregion tile 619 done
Ecoregion tile 620 done
Ecoregion tile 621 done
Ecoregion tile 622 done
Ecoregion tile 623 done
Ecoregion tile 624 done
Ecoregion tile 625 done
Ecoregion tile 626 done
Ecoregion tile 627 done
Ecoregion tile 628 done
Ecoregion tile 629 done
Ecoregion tile 630 done
Ecoregion tile 631 done
Ecoregion tile 632 done
Ecoregion tile 633 done
Ecoregion tile 634 done
Ecoregion tile 635 done
Ecoregion tile 636 done
Ecoregion tile 637 done
Ecoregion tile 638 done
Ecoregion tile 639 done
Ecoregion tile 640 done
Ecoregion tile 641 done
Ecoregion tile 642 done
Ecoregion tile 643 done
Ecoregion tile 644 done
Ecoregion tile 645 done
Ecoregion tile 646 done
Ecoregion tile 647 done
Ecoregion tile 648 done
---------------------------------------------------------------------------------------
Script make_ecoregions_eidgrid_tiles.sh ended at Thu Aug 27 02:45:28 PM CEST 2026
---------------------------------------------------------------------------------------
Tiling done in 321 minutes
---------------------------------------------------------------------------------------
